#! /opt/homebrew/Cellar/icarus-verilog/13.0/bin/vvp
:ivl_version "13.0 (stable)" "(v13_0)";
:ivl_delay_selection "TYPICAL";
:vpi_time_precision - 12;
:vpi_module "/opt/homebrew/Cellar/icarus-verilog/13.0/lib/ivl/system.vpi";
:vpi_module "/opt/homebrew/Cellar/icarus-verilog/13.0/lib/ivl/vhdl_sys.vpi";
:vpi_module "/opt/homebrew/Cellar/icarus-verilog/13.0/lib/ivl/vhdl_textio.vpi";
:vpi_module "/opt/homebrew/Cellar/icarus-verilog/13.0/lib/ivl/v2005_math.vpi";
:vpi_module "/opt/homebrew/Cellar/icarus-verilog/13.0/lib/ivl/va_math.vpi";
:vpi_module "/opt/homebrew/Cellar/icarus-verilog/13.0/lib/ivl/v2009.vpi";
S_0xa228d8000 .scope package, "$unit" "$unit" 2 1;
 .timescale 0 0;
S_0xa228d8180 .scope module, "riscv_top_tb" "riscv_top_tb" 3 3;
 .timescale -12 -12;
v0xa230bd180_0 .var "clk", 0 0;
v0xa230bd220_0 .var/i "cycle", 31 0;
v0xa230bd2c0_0 .var "rstn", 0 0;
v0xa230bd360_0 .var/i "trace_file", 31 0;
E_0xa2285d900 .event negedge, v0xa23096580_0;
S_0xa228d8300 .scope module, "dut" "riscv_top" 3 11, 4 3 0, S_0xa228d8180;
 .timescale -12 -12;
    .port_info 0 /INPUT 1 "clk";
    .port_info 1 /INPUT 1 "rstn";
v0xa230b70c0_0 .net "ALUControlD_w", 2 0, v0xa23094820_0;  1 drivers
v0xa230b7f20_0 .net "ALUSrcD_w", 0 0, v0xa23095220_0;  1 drivers
v0xa230bc000_0 .net "BranchD_w", 0 0, v0xa230952c0_0;  1 drivers
v0xa230bc0a0_0 .net "CUfunct3_w", 2 0, L_0xa230bdf40;  1 drivers
v0xa230bc140_0 .net "CUfunct7_5_w", 0 0, L_0xa230bdfe0;  1 drivers
v0xa230bc1e0_0 .net "CUopcode_w", 6 0, L_0xa230bdea0;  1 drivers
v0xa230bc280_0 .net "FlushD_w", 0 0, L_0xa23054e70;  1 drivers
v0xa230bc320_0 .net "FlushE_w", 0 0, L_0x1032dddf0;  1 drivers
v0xa230bc3c0_0 .net "ForwardAE_w", 1 0, v0xa230b7480_0;  1 drivers
v0xa230bc460_0 .net "ForwardBE_w", 1 0, v0xa230b7520_0;  1 drivers
v0xa230bc500_0 .net "HUPCSrcE_w", 0 0, L_0xa23054b60;  1 drivers
v0xa230bc5a0_0 .net "HURdE_w", 4 0, L_0xa23054af0;  1 drivers
v0xa230bc640_0 .net "HURdM_w", 4 0, L_0xa23054bd0;  1 drivers
v0xa230bc6e0_0 .net "HURdW_w", 4 0, L_0xa23054cb0;  1 drivers
v0xa230bc780_0 .net "HURegWriteM_w", 0 0, L_0xa23054c40;  1 drivers
v0xa230bc820_0 .net "HURegWriteW_w", 0 0, L_0xa23054d20;  1 drivers
v0xa230bc8c0_0 .net "HUResultSrcE0", 0 0, L_0xa230bdcc0;  1 drivers
v0xa230bc960_0 .net "HURs1D_w", 4 0, L_0xa230bdd60;  1 drivers
v0xa230bca00_0 .net "HURs1E_w", 4 0, v0xa230b06e0_0;  1 drivers
v0xa230bcaa0_0 .net "HURs2D_w", 4 0, L_0xa230bde00;  1 drivers
v0xa230bcb40_0 .net "HURs2E_w", 4 0, v0xa230b0820_0;  1 drivers
v0xa230bcbe0_0 .net "ImmSrcD_w", 1 0, v0xa23095360_0;  1 drivers
v0xa230bcc80_0 .net "JumpD_w", 0 0, v0xa23095400_0;  1 drivers
v0xa230bcd20_0 .net "MemWriteD_w", 0 0, v0xa230954a0_0;  1 drivers
v0xa230bcdc0_0 .net "RegWriteD_w", 0 0, v0xa230955e0_0;  1 drivers
v0xa230bce60_0 .net "ResultSrcD_w", 1 0, v0xa23095680_0;  1 drivers
v0xa230bcf00_0 .net "StallD_w", 0 0, L_0xa23054e00;  1 drivers
v0xa230bcfa0_0 .net "StallF_w", 0 0, L_0xa23054d90;  1 drivers
v0xa230bd040_0 .net "clk", 0 0, v0xa230bd180_0;  1 drivers
v0xa230bd0e0_0 .net "rstn", 0 0, v0xa230bd2c0_0;  1 drivers
S_0xa228d8480 .scope module, "control_unit" "control_unit" 4 73, 5 9 0, S_0xa228d8300;
 .timescale -12 -12;
    .port_info 0 /INPUT 7 "opcode_i";
    .port_info 1 /INPUT 3 "funct3_i";
    .port_info 2 /INPUT 1 "funct7_5_i";
    .port_info 3 /OUTPUT 1 "reg_write_o";
    .port_info 4 /OUTPUT 2 "result_src_o";
    .port_info 5 /OUTPUT 1 "mem_write_o";
    .port_info 6 /OUTPUT 1 "alu_src_o";
    .port_info 7 /OUTPUT 2 "imm_src_o";
    .port_info 8 /OUTPUT 3 "alu_control_o";
    .port_info 9 /OUTPUT 1 "jump_o";
    .port_info 10 /OUTPUT 1 "branch_o";
v0xa23095720_0 .net "alu_control_o", 2 0, v0xa23094820_0;  alias, 1 drivers
v0xa230957c0_0 .net "alu_op_wire", 1 0, v0xa23095180_0;  1 drivers
v0xa23095860_0 .net "alu_src_o", 0 0, v0xa23095220_0;  alias, 1 drivers
v0xa23095900_0 .net "branch_o", 0 0, v0xa230952c0_0;  alias, 1 drivers
v0xa230959a0_0 .net "funct3_i", 2 0, L_0xa230bdf40;  alias, 1 drivers
v0xa23095a40_0 .net "funct7_5_i", 0 0, L_0xa230bdfe0;  alias, 1 drivers
v0xa23095ae0_0 .net "imm_src_o", 1 0, v0xa23095360_0;  alias, 1 drivers
v0xa23095b80_0 .net "jump_o", 0 0, v0xa23095400_0;  alias, 1 drivers
v0xa23095c20_0 .net "mem_write_o", 0 0, v0xa230954a0_0;  alias, 1 drivers
v0xa23095cc0_0 .net "opcode_i", 6 0, L_0xa230bdea0;  alias, 1 drivers
v0xa23095d60_0 .net "reg_write_o", 0 0, v0xa230955e0_0;  alias, 1 drivers
v0xa23095e00_0 .net "result_src_o", 1 0, v0xa23095680_0;  alias, 1 drivers
L_0xa230be080 .part L_0xa230bdea0, 5, 1;
S_0xa228d8600 .scope module, "alu_dec_inst" "alu_decoder" 5 37, 6 3 0, S_0xa228d8480;
 .timescale -12 -12;
    .port_info 0 /INPUT 1 "opcode_5_i";
    .port_info 1 /INPUT 3 "funct3_i";
    .port_info 2 /INPUT 1 "funct7_5_i";
    .port_info 3 /INPUT 2 "alu_op_i";
    .port_info 4 /OUTPUT 3 "alu_control_o";
P_0xa228a8dc0 .param/l "ADD_OP" 1 6 11, C4<000>;
P_0xa228a8e00 .param/l "AND_OP" 1 6 15, C4<010>;
P_0xa228a8e40 .param/l "OR_OP" 1 6 14, C4<011>;
P_0xa228a8e80 .param/l "SLT_OP" 1 6 13, C4<101>;
P_0xa228a8ec0 .param/l "SUB_OP" 1 6 12, C4<001>;
v0xa23094820_0 .var "alu_control_o", 2 0;
v0xa23094320_0 .net "alu_op_i", 1 0, v0xa23095180_0;  alias, 1 drivers
v0xa23094fa0_0 .net "funct3_i", 2 0, L_0xa230bdf40;  alias, 1 drivers
v0xa23095040_0 .net "funct7_5_i", 0 0, L_0xa230bdfe0;  alias, 1 drivers
v0xa230950e0_0 .net "opcode_5_i", 0 0, L_0xa230be080;  1 drivers
E_0xa2285d940 .event anyedge, v0xa23094320_0, v0xa23094fa0_0, v0xa230950e0_0, v0xa23095040_0;
S_0xa228d8780 .scope begin, "alu_decoder_block" "alu_decoder_block" 6 17, 6 17 0, S_0xa228d8600;
 .timescale -12 -12;
S_0xa228d8900 .scope module, "main_dec_inst" "main_decoder" 5 25, 7 3 0, S_0xa228d8480;
 .timescale -12 -12;
    .port_info 0 /INPUT 7 "opcode_i";
    .port_info 1 /OUTPUT 1 "branch_o";
    .port_info 2 /OUTPUT 1 "jump_o";
    .port_info 3 /OUTPUT 2 "result_src_o";
    .port_info 4 /OUTPUT 1 "mem_write_o";
    .port_info 5 /OUTPUT 1 "alu_src_o";
    .port_info 6 /OUTPUT 2 "imm_src_o";
    .port_info 7 /OUTPUT 1 "reg_write_o";
    .port_info 8 /OUTPUT 2 "alu_op_o";
P_0xa228d8a80 .param/l "BEQ_OP" 1 7 18, C4<1100011>;
P_0xa228d8ac0 .param/l "I_OP" 1 7 19, C4<0010011>;
P_0xa228d8b00 .param/l "JAL_OP" 1 7 20, C4<1101111>;
P_0xa228d8b40 .param/l "LW_OP" 1 7 15, C4<0000011>;
P_0xa228d8b80 .param/l "R_OP" 1 7 17, C4<0110011>;
P_0xa228d8bc0 .param/l "SW_OP" 1 7 16, C4<0100011>;
v0xa23095180_0 .var "alu_op_o", 1 0;
v0xa23095220_0 .var "alu_src_o", 0 0;
v0xa230952c0_0 .var "branch_o", 0 0;
v0xa23095360_0 .var "imm_src_o", 1 0;
v0xa23095400_0 .var "jump_o", 0 0;
v0xa230954a0_0 .var "mem_write_o", 0 0;
v0xa23095540_0 .net "opcode_i", 6 0, L_0xa230bdea0;  alias, 1 drivers
v0xa230955e0_0 .var "reg_write_o", 0 0;
v0xa23095680_0 .var "result_src_o", 1 0;
E_0xa2285d980 .event anyedge, v0xa23095540_0;
S_0xa228d8c00 .scope begin, "main_decoder_block" "main_decoder_block" 7 22, 7 22 0, S_0xa228d8900;
 .timescale -12 -12;
S_0xa228d8d80 .scope module, "datapath" "datapath" 4 37, 8 3 0, S_0xa228d8300;
 .timescale -12 -12;
    .port_info 0 /INPUT 1 "clk";
    .port_info 1 /INPUT 1 "rstn";
    .port_info 2 /INPUT 1 "RegWriteD";
    .port_info 3 /INPUT 2 "ResultSrcD";
    .port_info 4 /INPUT 1 "MemWriteD";
    .port_info 5 /INPUT 1 "JumpD";
    .port_info 6 /INPUT 1 "BranchD";
    .port_info 7 /INPUT 3 "ALUControlD";
    .port_info 8 /INPUT 1 "ALUSrcD";
    .port_info 9 /INPUT 2 "ImmSrcD";
    .port_info 10 /INPUT 1 "StallF";
    .port_info 11 /INPUT 1 "StallD";
    .port_info 12 /INPUT 1 "FlushD";
    .port_info 13 /INPUT 1 "FlushE";
    .port_info 14 /INPUT 2 "ForwardAE";
    .port_info 15 /INPUT 2 "ForwardBE";
    .port_info 16 /OUTPUT 7 "CUopcode";
    .port_info 17 /OUTPUT 3 "CUfunct3";
    .port_info 18 /OUTPUT 1 "CUfunct7_5";
    .port_info 19 /OUTPUT 5 "HURs1D";
    .port_info 20 /OUTPUT 5 "HURs2D";
    .port_info 21 /OUTPUT 5 "HURdE";
    .port_info 22 /OUTPUT 5 "HURs1E";
    .port_info 23 /OUTPUT 5 "HURs2E";
    .port_info 24 /OUTPUT 1 "HUPCSrcE";
    .port_info 25 /OUTPUT 1 "HUResultSrcE0";
    .port_info 26 /OUTPUT 5 "HURdM";
    .port_info 27 /OUTPUT 1 "HURegWriteM";
    .port_info 28 /OUTPUT 5 "HURdW";
    .port_info 29 /OUTPUT 1 "HURegWriteW";
L_0xa23054af0 .functor BUFZ 5, v0xa230b05a0_0, C4<00000>, C4<00000>, C4<00000>;
L_0x1032df190 .functor AND 1, L_0xa2308ca00, v0xa230977a0_0, C4<1>, C4<1>;
L_0x1032d3c50 .functor OR 1, L_0x1032df190, v0xa230978e0_0, C4<0>, C4<0>;
L_0xa23054b60 .functor BUFZ 1, L_0x1032d3c50, C4<0>, C4<0>, C4<0>;
L_0xa23054bd0 .functor BUFZ 5, v0xa23097020_0, C4<00000>, C4<00000>, C4<00000>;
L_0xa23054c40 .functor BUFZ 1, v0xa23096a80_0, C4<0>, C4<0>, C4<0>;
L_0xa23054cb0 .functor BUFZ 5, v0xa230b1ae0_0, C4<00000>, C4<00000>, C4<00000>;
L_0xa23054d20 .functor BUFZ 1, v0xa230b1540_0, C4<0>, C4<0>, C4<0>;
v0xa230b4140_0 .net "ALUControlD", 2 0, v0xa23094820_0;  alias, 1 drivers
v0xa230b41e0_0 .net "ALUControlE_w", 2 0, v0xa23097520_0;  1 drivers
v0xa230b4280_0 .net "ALUResultE_w", 31 0, v0xa23096120_0;  1 drivers
v0xa230b4320_0 .net "ALUResultM_w", 31 0, v0xa23096d00_0;  1 drivers
v0xa230b43c0_0 .net "ALUResultW_w", 31 0, v0xa230b17c0_0;  1 drivers
v0xa230b4460_0 .net "ALUSrcD", 0 0, v0xa23095220_0;  alias, 1 drivers
v0xa230b4500_0 .net "ALUSrcE_w", 0 0, v0xa23097660_0;  1 drivers
v0xa230b45a0_0 .net "BranchD", 0 0, v0xa230952c0_0;  alias, 1 drivers
v0xa230b4640_0 .net "BranchE_w", 0 0, v0xa230977a0_0;  1 drivers
v0xa230b46e0_0 .net "CUfunct3", 2 0, L_0xa230bdf40;  alias, 1 drivers
v0xa230b4780_0 .net "CUfunct7_5", 0 0, L_0xa230bdfe0;  alias, 1 drivers
v0xa230b4820_0 .net "CUopcode", 6 0, L_0xa230bdea0;  alias, 1 drivers
v0xa230b48c0_0 .net "FlushD", 0 0, L_0xa23054e70;  alias, 1 drivers
v0xa230b4960_0 .net "FlushE", 0 0, L_0x1032dddf0;  alias, 1 drivers
v0xa230b4a00_0 .net "ForwardAE", 1 0, v0xa230b7480_0;  alias, 1 drivers
v0xa230b4aa0_0 .net "ForwardBE", 1 0, v0xa230b7520_0;  alias, 1 drivers
v0xa230b4b40_0 .net "HUPCSrcE", 0 0, L_0xa23054b60;  alias, 1 drivers
v0xa230b4be0_0 .net "HURdE", 4 0, L_0xa23054af0;  alias, 1 drivers
v0xa230b4c80_0 .net "HURdM", 4 0, L_0xa23054bd0;  alias, 1 drivers
v0xa230b4d20_0 .net "HURdW", 4 0, L_0xa23054cb0;  alias, 1 drivers
v0xa230b4dc0_0 .net "HURegWriteM", 0 0, L_0xa23054c40;  alias, 1 drivers
v0xa230b4e60_0 .net "HURegWriteW", 0 0, L_0xa23054d20;  alias, 1 drivers
v0xa230b4f00_0 .net "HUResultSrcE0", 0 0, L_0xa230bdcc0;  alias, 1 drivers
v0xa230b4fa0_0 .net "HURs1D", 4 0, L_0xa230bdd60;  alias, 1 drivers
v0xa230b5040_0 .net "HURs1E", 4 0, v0xa230b06e0_0;  alias, 1 drivers
v0xa230b50e0_0 .net "HURs2D", 4 0, L_0xa230bde00;  alias, 1 drivers
v0xa230b5180_0 .net "HURs2E", 4 0, v0xa230b0820_0;  alias, 1 drivers
v0xa230b5220_0 .net "ImmExtD_w", 31 0, v0xa230972a0_0;  1 drivers
v0xa230b52c0_0 .net "ImmExtE_w", 31 0, v0xa23097f20_0;  1 drivers
v0xa230b5360_0 .net "ImmSrcD", 1 0, v0xa23095360_0;  alias, 1 drivers
v0xa230b5400_0 .net "InstrD_w", 31 0, v0xa230b0b40_0;  1 drivers
v0xa230b54a0_0 .net "JumpD", 0 0, v0xa23095400_0;  alias, 1 drivers
v0xa230b5540_0 .net "JumpE_w", 0 0, v0xa230978e0_0;  1 drivers
v0xa230b55e0_0 .net "MemWriteD", 0 0, v0xa230954a0_0;  alias, 1 drivers
v0xa230b5680_0 .net "MemWriteE_w", 0 0, v0xa23097a20_0;  1 drivers
v0xa230b5720_0 .net "MemWriteM_w", 0 0, v0xa23096940_0;  1 drivers
v0xa230b57c0_0 .net "PCD_w", 31 0, v0xa230b0c80_0;  1 drivers
v0xa230b5860_0 .net "PCE_w", 31 0, v0xa230b00a0_0;  1 drivers
v0xa230b5900_0 .net "PCF_w", 31 0, v0xa230b3160_0;  1 drivers
v0xa230b59a0_0 .net "PCFprev_w", 31 0, L_0xa23091180;  1 drivers
v0xa230b5a40_0 .net "PCPlus4D_w", 31 0, v0xa230b0dc0_0;  1 drivers
v0xa230b5ae0_0 .net "PCPlus4E_w", 31 0, v0xa230b01e0_0;  1 drivers
v0xa230b5b80_0 .net "PCPlus4F_w", 31 0, L_0xa230bd540;  1 drivers
v0xa230b5c20_0 .net "PCPlus4M_w", 31 0, v0xa23096ee0_0;  1 drivers
v0xa230b5cc0_0 .net "PCPlus4W_w", 31 0, v0xa230b19a0_0;  1 drivers
v0xa230b5d60_0 .net "PCSrcE_w", 0 0, L_0x1032d3c50;  1 drivers
v0xa230b5e00_0 .net "PCTargetE_w", 31 0, L_0xa230bdae0;  1 drivers
v0xa230b5ea0_0 .net "RD1D_w", 31 0, L_0xa23091360;  1 drivers
v0xa230b5f40_0 .net "RD1E_w", 31 0, v0xa230b0320_0;  1 drivers
v0xa230b5fe0_0 .net "RD2D_w", 31 0, L_0xa230914a0;  1 drivers
v0xa230b6080_0 .net "RD2E_w", 31 0, v0xa230b0460_0;  1 drivers
v0xa230b6120_0 .net "RDF_w", 31 0, L_0xa23054a10;  1 drivers
v0xa230b61c0_0 .net "RdE_w", 4 0, v0xa230b05a0_0;  1 drivers
v0xa230b6260_0 .net "RdM_w", 4 0, v0xa23097020_0;  1 drivers
v0xa230b6300_0 .net "RdW_w", 4 0, v0xa230b1ae0_0;  1 drivers
v0xa230b63a0_0 .net "ReadDataM_w", 31 0, L_0xa23054a80;  1 drivers
v0xa230b6440_0 .net "ReadDataW_w", 31 0, v0xa230b1c20_0;  1 drivers
v0xa230b64e0_0 .net "RegWriteD", 0 0, v0xa230955e0_0;  alias, 1 drivers
v0xa230b6580_0 .net "RegWriteE_w", 0 0, v0xa23097b60_0;  1 drivers
v0xa230b6620_0 .net "RegWriteM_w", 0 0, v0xa23096a80_0;  1 drivers
v0xa230b66c0_0 .net "RegWriteW_w", 0 0, v0xa230b1540_0;  1 drivers
v0xa230b6760_0 .net "ResultSrcD", 1 0, v0xa23095680_0;  alias, 1 drivers
v0xa230b6800_0 .net "ResultSrcE_w", 1 0, v0xa23097ca0_0;  1 drivers
v0xa230b68a0_0 .net "ResultSrcM_w", 1 0, v0xa23096bc0_0;  1 drivers
v0xa230b6940_0 .net "ResultSrcW_w", 1 0, v0xa230b1680_0;  1 drivers
v0xa230b69e0_0 .net "ResultW_w", 31 0, v0xa230b2800_0;  1 drivers
v0xa230b6a80_0 .net "SrcAE_w", 31 0, v0xa230b1f40_0;  1 drivers
v0xa230b6b20_0 .net "SrcBE_w", 31 0, L_0xa23091540;  1 drivers
v0xa230b6bc0_0 .net "StallD", 0 0, L_0xa23054e00;  alias, 1 drivers
v0xa230b6c60_0 .net "StallF", 0 0, L_0xa23054d90;  alias, 1 drivers
v0xa230b6d00_0 .net "WriteDataE_w", 31 0, v0xa230b2260_0;  1 drivers
v0xa230b6da0_0 .net "WriteDataM_w", 31 0, v0xa23097200_0;  1 drivers
v0xa230b6e40_0 .net "ZeroE_w", 0 0, L_0xa2308ca00;  1 drivers
v0xa230b6ee0_0 .net *"_ivl_17", 0 0, L_0x1032df190;  1 drivers
v0xa230b6f80_0 .net "clk", 0 0, v0xa230bd180_0;  alias, 1 drivers
v0xa230b7020_0 .net "rstn", 0 0, v0xa230bd2c0_0;  alias, 1 drivers
L_0xa230bd720 .part v0xa230b0b40_0, 15, 5;
L_0xa230bd7c0 .part v0xa230b0b40_0, 20, 5;
L_0xa230bd860 .part v0xa230b0b40_0, 7, 25;
L_0xa230bd900 .part v0xa230b0b40_0, 15, 5;
L_0xa230bd9a0 .part v0xa230b0b40_0, 20, 5;
L_0xa230bda40 .part v0xa230b0b40_0, 7, 5;
L_0xa230bdcc0 .part v0xa23097ca0_0, 0, 1;
L_0xa230bdd60 .part v0xa230b0b40_0, 15, 5;
L_0xa230bde00 .part v0xa230b0b40_0, 20, 5;
L_0xa230bdea0 .part v0xa230b0b40_0, 0, 7;
L_0xa230bdf40 .part v0xa230b0b40_0, 12, 3;
L_0xa230bdfe0 .part v0xa230b0b40_0, 30, 1;
S_0xa228d8f00 .scope module, "alu" "alu" 8 238, 9 3 0, S_0xa228d8d80;
 .timescale -12 -12;
    .port_info 0 /INPUT 32 "a_i";
    .port_info 1 /INPUT 32 "b_i";
    .port_info 2 /INPUT 3 "alu_ctrl_i";
    .port_info 3 /OUTPUT 32 "result_o";
    .port_info 4 /OUTPUT 1 "zero_o";
P_0xa228a88c0 .param/l "ALU_ADD" 1 9 11, C4<000>;
P_0xa228a8900 .param/l "ALU_AND" 1 9 13, C4<010>;
P_0xa228a8940 .param/l "ALU_OR" 1 9 14, C4<011>;
P_0xa228a8980 .param/l "ALU_SLT" 1 9 15, C4<101>;
P_0xa228a89c0 .param/l "ALU_SUB" 1 9 12, C4<001>;
L_0xa22c78250 .functor BUFT 1, C4<00000000000000000000000000000000>, C4<0>, C4<0>, C4<0>;
v0xa23095ea0_0 .net/2u *"_ivl_0", 31 0, L_0xa22c78250;  1 drivers
v0xa23095f40_0 .net "a_i", 31 0, v0xa230b1f40_0;  alias, 1 drivers
v0xa23095fe0_0 .net "alu_ctrl_i", 2 0, v0xa23097520_0;  alias, 1 drivers
v0xa23096080_0 .net "b_i", 31 0, L_0xa23091540;  alias, 1 drivers
v0xa23096120_0 .var "result_o", 31 0;
v0xa230961c0_0 .net "zero_o", 0 0, L_0xa2308ca00;  alias, 1 drivers
E_0xa2285da00 .event anyedge, v0xa23095fe0_0, v0xa23095f40_0, v0xa23096080_0;
L_0xa2308ca00 .cmp/eq 32, v0xa23096120_0, L_0xa22c78250;
S_0xa228d9080 .scope begin, "alu_block" "alu_block" 9 17, 9 17 0, S_0xa228d8f00;
 .timescale -12 -12;
S_0xa228d9200 .scope module, "data_memory" "data_memory" 8 275, 10 6 0, S_0xa228d8d80;
 .timescale -12 -12;
    .port_info 0 /INPUT 1 "clk";
    .port_info 1 /INPUT 1 "we_i";
    .port_info 2 /INPUT 32 "addr_i";
    .port_info 3 /INPUT 32 "wr_data_i";
    .port_info 4 /OUTPUT 32 "rd_data_o";
P_0xa2302de00 .param/l "ADDR_WIDTH" 1 10 16, +C4<00000000000000000000000000001000>;
P_0xa2302de40 .param/l "DEPTH" 0 10 7, +C4<00000000000000000000000100000000>;
L_0xa23054a80 .functor BUFZ 32, L_0xa230bdb80, C4<00000000000000000000000000000000>, C4<00000000000000000000000000000000>, C4<00000000000000000000000000000000>;
v0xa23096260_0 .net *"_ivl_0", 31 0, L_0xa230bdb80;  1 drivers
v0xa23096300_0 .net *"_ivl_3", 7 0, L_0xa230bdc20;  1 drivers
v0xa230963a0_0 .net *"_ivl_4", 9 0, L_0xa230915e0;  1 drivers
L_0xa22c78298 .functor BUFT 1, C4<00>, C4<0>, C4<0>, C4<0>;
v0xa23096440_0 .net *"_ivl_7", 1 0, L_0xa22c78298;  1 drivers
v0xa230964e0_0 .net "addr_i", 31 0, v0xa23096d00_0;  alias, 1 drivers
v0xa23096580_0 .net "clk", 0 0, v0xa230bd180_0;  alias, 1 drivers
v0xa23096620 .array "mem", 255 0, 31 0;
v0xa230966c0_0 .net "rd_data_o", 31 0, L_0xa23054a80;  alias, 1 drivers
v0xa23096760_0 .net "we_i", 0 0, v0xa23096940_0;  alias, 1 drivers
v0xa23096800_0 .net "wr_data_i", 31 0, v0xa23097200_0;  alias, 1 drivers
E_0xa2285da40 .event posedge, v0xa23096580_0;
L_0xa230bdb80 .array/port v0xa23096620, L_0xa230915e0;
L_0xa230bdc20 .part v0xa23096d00_0, 2, 8;
L_0xa230915e0 .concat [ 8 2 0 0], L_0xa230bdc20, L_0xa22c78298;
S_0xa228d9380 .scope begin, "dm_write_block" "dm_write_block" 10 20, 10 20 0, S_0xa228d9200;
 .timescale -12 -12;
S_0xa228d9500 .scope module, "ex_mem_reg" "ex_mem_reg" 8 250, 11 3 0, S_0xa228d8d80;
 .timescale -12 -12;
    .port_info 0 /INPUT 1 "clk";
    .port_info 1 /INPUT 1 "rstn";
    .port_info 2 /INPUT 32 "alu_E_i";
    .port_info 3 /INPUT 32 "wr_data_E_i";
    .port_info 4 /INPUT 5 "rd_E_i";
    .port_info 5 /INPUT 32 "pcp4_E_i";
    .port_info 6 /INPUT 1 "RegWriteE_i";
    .port_info 7 /INPUT 2 "ResultSrcE_i";
    .port_info 8 /INPUT 1 "MemWriteE_i";
    .port_info 9 /OUTPUT 32 "alu_M_o";
    .port_info 10 /OUTPUT 32 "wr_data_M_o";
    .port_info 11 /OUTPUT 5 "rd_M_o";
    .port_info 12 /OUTPUT 32 "pcp4_M_o";
    .port_info 13 /OUTPUT 1 "RegWriteM_o";
    .port_info 14 /OUTPUT 2 "ResultSrcM_o";
    .port_info 15 /OUTPUT 1 "MemWriteM_o";
v0xa230968a0_0 .net "MemWriteE_i", 0 0, v0xa23097a20_0;  alias, 1 drivers
v0xa23096940_0 .var "MemWriteM_o", 0 0;
v0xa230969e0_0 .net "RegWriteE_i", 0 0, v0xa23097b60_0;  alias, 1 drivers
v0xa23096a80_0 .var "RegWriteM_o", 0 0;
v0xa23096b20_0 .net "ResultSrcE_i", 1 0, v0xa23097ca0_0;  alias, 1 drivers
v0xa23096bc0_0 .var "ResultSrcM_o", 1 0;
v0xa23096c60_0 .net "alu_E_i", 31 0, v0xa23096120_0;  alias, 1 drivers
v0xa23096d00_0 .var "alu_M_o", 31 0;
v0xa23096da0_0 .net "clk", 0 0, v0xa230bd180_0;  alias, 1 drivers
v0xa23096e40_0 .net "pcp4_E_i", 31 0, v0xa230b01e0_0;  alias, 1 drivers
v0xa23096ee0_0 .var "pcp4_M_o", 31 0;
v0xa23096f80_0 .net "rd_E_i", 4 0, v0xa230b05a0_0;  alias, 1 drivers
v0xa23097020_0 .var "rd_M_o", 4 0;
v0xa230970c0_0 .net "rstn", 0 0, v0xa230bd2c0_0;  alias, 1 drivers
v0xa23097160_0 .net "wr_data_E_i", 31 0, v0xa230b2260_0;  alias, 1 drivers
v0xa23097200_0 .var "wr_data_M_o", 31 0;
E_0xa2285da80/0 .event negedge, v0xa230970c0_0;
E_0xa2285da80/1 .event posedge, v0xa23096580_0;
E_0xa2285da80 .event/or E_0xa2285da80/0, E_0xa2285da80/1;
S_0xa228d9680 .scope begin, "ex_mem_block" "ex_mem_block" 11 29, 11 29 0, S_0xa228d9500;
 .timescale -12 -12;
S_0xa228d9800 .scope module, "extend" "immediate_extender" 8 154, 12 3 0, S_0xa228d8d80;
 .timescale -12 -12;
    .port_info 0 /INPUT 25 "instr_i";
    .port_info 1 /INPUT 2 "imm_sel_i";
    .port_info 2 /OUTPUT 32 "imm_o";
P_0xa228a4300 .param/l "IMM_B" 1 12 11, C4<010>;
P_0xa228a4340 .param/l "IMM_I" 1 12 9, C4<000>;
P_0xa228a4380 .param/l "IMM_J" 1 12 12, C4<011>;
P_0xa228a43c0 .param/l "IMM_S" 1 12 10, C4<001>;
v0xa230972a0_0 .var "imm_o", 31 0;
v0xa23097340_0 .net "imm_sel_i", 1 0, v0xa23095360_0;  alias, 1 drivers
v0xa230973e0_0 .net "instr_i", 31 7, L_0xa230bd860;  1 drivers
E_0xa2285dac0 .event anyedge, v0xa23095360_0, v0xa230973e0_0;
S_0xa228d9980 .scope begin, "extend_block" "extend_block" 12 14, 12 14 0, S_0xa228d9800;
 .timescale -12 -12;
S_0xa228d9b00 .scope module, "id_ex_reg" "id_ex_reg" 8 164, 13 3 0, S_0xa228d8d80;
 .timescale -12 -12;
    .port_info 0 /INPUT 1 "clk";
    .port_info 1 /INPUT 1 "rstn";
    .port_info 2 /INPUT 1 "clear_i";
    .port_info 3 /INPUT 32 "rd1_D_i";
    .port_info 4 /INPUT 32 "rd2_D_i";
    .port_info 5 /INPUT 32 "pc_D_i";
    .port_info 6 /INPUT 5 "rs1_D_i";
    .port_info 7 /INPUT 5 "rs2_D_i";
    .port_info 8 /INPUT 5 "rd_D_i";
    .port_info 9 /INPUT 32 "imm_ext_D_i";
    .port_info 10 /INPUT 32 "pcp4_D_i";
    .port_info 11 /INPUT 1 "RegWriteD_i";
    .port_info 12 /INPUT 2 "ResultSrcD_i";
    .port_info 13 /INPUT 1 "MemWriteD_i";
    .port_info 14 /INPUT 1 "JumpD_i";
    .port_info 15 /INPUT 1 "BranchD_i";
    .port_info 16 /INPUT 3 "ALUControlD_i";
    .port_info 17 /INPUT 1 "ALUSrcD_i";
    .port_info 18 /OUTPUT 32 "rd1_E_o";
    .port_info 19 /OUTPUT 32 "rd2_E_o";
    .port_info 20 /OUTPUT 32 "pc_E_o";
    .port_info 21 /OUTPUT 5 "rs1_E_o";
    .port_info 22 /OUTPUT 5 "rs2_E_o";
    .port_info 23 /OUTPUT 5 "rd_E_o";
    .port_info 24 /OUTPUT 32 "imm_ext_E_o";
    .port_info 25 /OUTPUT 32 "pcp4_E_o";
    .port_info 26 /OUTPUT 1 "RegWriteE_o";
    .port_info 27 /OUTPUT 2 "ResultSrcE_o";
    .port_info 28 /OUTPUT 1 "MemWriteE_o";
    .port_info 29 /OUTPUT 1 "JumpE_o";
    .port_info 30 /OUTPUT 1 "BranchE_o";
    .port_info 31 /OUTPUT 3 "ALUControlE_o";
    .port_info 32 /OUTPUT 1 "ALUSrcE_o";
v0xa23097480_0 .net "ALUControlD_i", 2 0, v0xa23094820_0;  alias, 1 drivers
v0xa23097520_0 .var "ALUControlE_o", 2 0;
v0xa230975c0_0 .net "ALUSrcD_i", 0 0, v0xa23095220_0;  alias, 1 drivers
v0xa23097660_0 .var "ALUSrcE_o", 0 0;
v0xa23097700_0 .net "BranchD_i", 0 0, v0xa230952c0_0;  alias, 1 drivers
v0xa230977a0_0 .var "BranchE_o", 0 0;
v0xa23097840_0 .net "JumpD_i", 0 0, v0xa23095400_0;  alias, 1 drivers
v0xa230978e0_0 .var "JumpE_o", 0 0;
v0xa23097980_0 .net "MemWriteD_i", 0 0, v0xa230954a0_0;  alias, 1 drivers
v0xa23097a20_0 .var "MemWriteE_o", 0 0;
v0xa23097ac0_0 .net "RegWriteD_i", 0 0, v0xa230955e0_0;  alias, 1 drivers
v0xa23097b60_0 .var "RegWriteE_o", 0 0;
v0xa23097c00_0 .net "ResultSrcD_i", 1 0, v0xa23095680_0;  alias, 1 drivers
v0xa23097ca0_0 .var "ResultSrcE_o", 1 0;
v0xa23097d40_0 .net "clear_i", 0 0, L_0x1032dddf0;  alias, 1 drivers
v0xa23097de0_0 .net "clk", 0 0, v0xa230bd180_0;  alias, 1 drivers
v0xa23097e80_0 .net "imm_ext_D_i", 31 0, v0xa230972a0_0;  alias, 1 drivers
v0xa23097f20_0 .var "imm_ext_E_o", 31 0;
v0xa230b0000_0 .net "pc_D_i", 31 0, v0xa230b0c80_0;  alias, 1 drivers
v0xa230b00a0_0 .var "pc_E_o", 31 0;
v0xa230b0140_0 .net "pcp4_D_i", 31 0, v0xa230b0dc0_0;  alias, 1 drivers
v0xa230b01e0_0 .var "pcp4_E_o", 31 0;
v0xa230b0280_0 .net "rd1_D_i", 31 0, L_0xa23091360;  alias, 1 drivers
v0xa230b0320_0 .var "rd1_E_o", 31 0;
v0xa230b03c0_0 .net "rd2_D_i", 31 0, L_0xa230914a0;  alias, 1 drivers
v0xa230b0460_0 .var "rd2_E_o", 31 0;
v0xa230b0500_0 .net "rd_D_i", 4 0, L_0xa230bda40;  1 drivers
v0xa230b05a0_0 .var "rd_E_o", 4 0;
v0xa230b0640_0 .net "rs1_D_i", 4 0, L_0xa230bd900;  1 drivers
v0xa230b06e0_0 .var "rs1_E_o", 4 0;
v0xa230b0780_0 .net "rs2_D_i", 4 0, L_0xa230bd9a0;  1 drivers
v0xa230b0820_0 .var "rs2_E_o", 4 0;
v0xa230b08c0_0 .net "rstn", 0 0, v0xa230bd2c0_0;  alias, 1 drivers
S_0xa228d9c80 .scope begin, "id_ex_block" "id_ex_block" 13 48, 13 48 0, S_0xa228d9b00;
 .timescale -12 -12;
S_0xa228d9e00 .scope module, "if_id_reg" "if_id_reg" 8 129, 14 6 0, S_0xa228d8d80;
 .timescale -12 -12;
    .port_info 0 /INPUT 1 "clk";
    .port_info 1 /INPUT 1 "rstn";
    .port_info 2 /INPUT 1 "enable_ni";
    .port_info 3 /INPUT 1 "clear_i";
    .port_info 4 /INPUT 32 "pc_F_i";
    .port_info 5 /INPUT 32 "instr_F_i";
    .port_info 6 /INPUT 32 "pcp4_F_i";
    .port_info 7 /OUTPUT 32 "pc_D_o";
    .port_info 8 /OUTPUT 32 "instr_D_o";
    .port_info 9 /OUTPUT 32 "pcp4_D_o";
v0xa230b0960_0 .net "clear_i", 0 0, L_0xa23054e70;  alias, 1 drivers
v0xa230b0a00_0 .net "clk", 0 0, v0xa230bd180_0;  alias, 1 drivers
v0xa230b0aa0_0 .net "enable_ni", 0 0, L_0xa23054e00;  alias, 1 drivers
v0xa230b0b40_0 .var "instr_D_o", 31 0;
v0xa230b0be0_0 .net "instr_F_i", 31 0, L_0xa23054a10;  alias, 1 drivers
v0xa230b0c80_0 .var "pc_D_o", 31 0;
v0xa230b0d20_0 .net "pc_F_i", 31 0, v0xa230b3160_0;  alias, 1 drivers
v0xa230b0dc0_0 .var "pcp4_D_o", 31 0;
v0xa230b0e60_0 .net "pcp4_F_i", 31 0, L_0xa230bd540;  alias, 1 drivers
v0xa230b0f00_0 .net "rstn", 0 0, v0xa230bd2c0_0;  alias, 1 drivers
S_0xa228d9f80 .scope begin, "if_id_block" "if_id_block" 14 21, 14 21 0, S_0xa228d9e00;
 .timescale -12 -12;
S_0xa228da100 .scope module, "instruction_memory" "instruction_memory" 8 115, 15 3 0, S_0xa228d8d80;
 .timescale -12 -12;
    .port_info 0 /INPUT 32 "addr_i";
    .port_info 1 /OUTPUT 32 "instr_o";
P_0x1032df970 .param/l "ADDR_WIDTH" 1 15 11, +C4<00000000000000000000000000001000>;
P_0x1032df9b0 .param/l "DEPTH" 0 15 4, +C4<00000000000000000000000100000000>;
P_0x1032df9f0 .param/str "MEM_FILE" 0 15 5, "test/program.hex";
L_0xa23054a10 .functor BUFZ 32, L_0xa230bd400, C4<00000000000000000000000000000000>, C4<00000000000000000000000000000000>, C4<00000000000000000000000000000000>;
v0xa230b0fa0_0 .net *"_ivl_0", 31 0, L_0xa230bd400;  1 drivers
v0xa230b1040_0 .net *"_ivl_3", 7 0, L_0xa230bd4a0;  1 drivers
v0xa230b10e0_0 .net *"_ivl_4", 9 0, L_0xa23091220;  1 drivers
L_0xa22c78010 .functor BUFT 1, C4<00>, C4<0>, C4<0>, C4<0>;
v0xa230b1180_0 .net *"_ivl_7", 1 0, L_0xa22c78010;  1 drivers
v0xa230b1220_0 .net "addr_i", 31 0, v0xa230b3160_0;  alias, 1 drivers
v0xa230b12c0_0 .var/i "i", 31 0;
v0xa230b1360_0 .net "instr_o", 31 0, L_0xa23054a10;  alias, 1 drivers
v0xa230b1400 .array "mem", 255 0, 31 0;
L_0xa230bd400 .array/port v0xa230b1400, L_0xa23091220;
L_0xa230bd4a0 .part v0xa230b3160_0, 2, 8;
L_0xa23091220 .concat [ 8 2 0 0], L_0xa230bd4a0, L_0xa22c78010;
S_0xa228da280 .scope module, "mem_wb_reg" "mem_wb_reg" 8 287, 16 3 0, S_0xa228d8d80;
 .timescale -12 -12;
    .port_info 0 /INPUT 1 "clk";
    .port_info 1 /INPUT 1 "rstn";
    .port_info 2 /INPUT 32 "alu_M_i";
    .port_info 3 /INPUT 32 "rd_data_M_i";
    .port_info 4 /INPUT 5 "rd_M_i";
    .port_info 5 /INPUT 32 "pcp4_M_i";
    .port_info 6 /INPUT 1 "RegWriteM_i";
    .port_info 7 /INPUT 2 "ResultSrcM_i";
    .port_info 8 /OUTPUT 32 "alu_W_o";
    .port_info 9 /OUTPUT 32 "rd_data_W_o";
    .port_info 10 /OUTPUT 5 "rd_W_o";
    .port_info 11 /OUTPUT 32 "pcp4_W_o";
    .port_info 12 /OUTPUT 1 "RegWriteW_o";
    .port_info 13 /OUTPUT 2 "ResultSrcW_o";
v0xa230b14a0_0 .net "RegWriteM_i", 0 0, v0xa23096a80_0;  alias, 1 drivers
v0xa230b1540_0 .var "RegWriteW_o", 0 0;
v0xa230b15e0_0 .net "ResultSrcM_i", 1 0, v0xa23096bc0_0;  alias, 1 drivers
v0xa230b1680_0 .var "ResultSrcW_o", 1 0;
v0xa230b1720_0 .net "alu_M_i", 31 0, v0xa23096d00_0;  alias, 1 drivers
v0xa230b17c0_0 .var "alu_W_o", 31 0;
v0xa230b1860_0 .net "clk", 0 0, v0xa230bd180_0;  alias, 1 drivers
v0xa230b1900_0 .net "pcp4_M_i", 31 0, v0xa23096ee0_0;  alias, 1 drivers
v0xa230b19a0_0 .var "pcp4_W_o", 31 0;
v0xa230b1a40_0 .net "rd_M_i", 4 0, v0xa23097020_0;  alias, 1 drivers
v0xa230b1ae0_0 .var "rd_W_o", 4 0;
v0xa230b1b80_0 .net "rd_data_M_i", 31 0, L_0xa23054a80;  alias, 1 drivers
v0xa230b1c20_0 .var "rd_data_W_o", 31 0;
v0xa230b1cc0_0 .net "rstn", 0 0, v0xa230bd2c0_0;  alias, 1 drivers
S_0xa228da400 .scope begin, "mem_wb_block" "mem_wb_block" 16 28, 16 28 0, S_0xa228da280;
 .timescale -12 -12;
S_0xa228da580 .scope module, "muxA" "mux3" 8 205, 17 3 0, S_0xa228d8d80;
 .timescale -12 -12;
    .port_info 0 /INPUT 32 "data0_i";
    .port_info 1 /INPUT 32 "data1_i";
    .port_info 2 /INPUT 32 "data2_i";
    .port_info 3 /INPUT 2 "sel_i";
    .port_info 4 /OUTPUT 32 "data_o";
P_0xa228b2d80 .param/l "WIDTH" 0 17 4, +C4<00000000000000000000000000100000>;
v0xa230b1d60_0 .net "data0_i", 31 0, v0xa230b0320_0;  alias, 1 drivers
v0xa230b1e00_0 .net "data1_i", 31 0, v0xa230b2800_0;  alias, 1 drivers
v0xa230b1ea0_0 .net "data2_i", 31 0, v0xa23096d00_0;  alias, 1 drivers
v0xa230b1f40_0 .var "data_o", 31 0;
v0xa230b1fe0_0 .net "sel_i", 1 0, v0xa230b7480_0;  alias, 1 drivers
E_0xa2285dd00 .event anyedge, v0xa230b1fe0_0, v0xa230b0320_0, v0xa230b1e00_0, v0xa230964e0_0;
S_0xa228da700 .scope begin, "mux3_block" "mux3_block" 17 13, 17 13 0, S_0xa228da580;
 .timescale -12 -12;
S_0xa228da880 .scope module, "muxB" "mux3" 8 215, 17 3 0, S_0xa228d8d80;
 .timescale -12 -12;
    .port_info 0 /INPUT 32 "data0_i";
    .port_info 1 /INPUT 32 "data1_i";
    .port_info 2 /INPUT 32 "data2_i";
    .port_info 3 /INPUT 2 "sel_i";
    .port_info 4 /OUTPUT 32 "data_o";
P_0xa228b2f40 .param/l "WIDTH" 0 17 4, +C4<00000000000000000000000000100000>;
v0xa230b2080_0 .net "data0_i", 31 0, v0xa230b0460_0;  alias, 1 drivers
v0xa230b2120_0 .net "data1_i", 31 0, v0xa230b2800_0;  alias, 1 drivers
v0xa230b21c0_0 .net "data2_i", 31 0, v0xa23096d00_0;  alias, 1 drivers
v0xa230b2260_0 .var "data_o", 31 0;
v0xa230b2300_0 .net "sel_i", 1 0, v0xa230b7520_0;  alias, 1 drivers
E_0xa2285ddc0 .event anyedge, v0xa230b2300_0, v0xa230b0460_0, v0xa230b1e00_0, v0xa230964e0_0;
S_0xa228daa00 .scope begin, "mux3_block" "mux3_block" 17 13, 17 13 0, S_0xa228da880;
 .timescale -12 -12;
S_0xa228dab80 .scope module, "muxBin" "mux2" 8 225, 18 3 0, S_0xa228d8d80;
 .timescale -12 -12;
    .port_info 0 /INPUT 32 "data0_i";
    .port_info 1 /INPUT 32 "data1_i";
    .port_info 2 /INPUT 1 "sel_i";
    .port_info 3 /OUTPUT 32 "data_o";
P_0xa228b3000 .param/l "WIDTH" 0 18 4, +C4<00000000000000000000000000100000>;
v0xa230b23a0_0 .net "data0_i", 31 0, v0xa230b2260_0;  alias, 1 drivers
v0xa230b2440_0 .net "data1_i", 31 0, v0xa23097f20_0;  alias, 1 drivers
v0xa230b24e0_0 .net "data_o", 31 0, L_0xa23091540;  alias, 1 drivers
v0xa230b2580_0 .net "sel_i", 0 0, v0xa23097660_0;  alias, 1 drivers
L_0xa23091540 .functor MUXZ 32, v0xa230b2260_0, v0xa23097f20_0, v0xa23097660_0, C4<>;
S_0xa228dad00 .scope module, "muxResult" "mux3" 8 307, 17 3 0, S_0xa228d8d80;
 .timescale -12 -12;
    .port_info 0 /INPUT 32 "data0_i";
    .port_info 1 /INPUT 32 "data1_i";
    .port_info 2 /INPUT 32 "data2_i";
    .port_info 3 /INPUT 2 "sel_i";
    .port_info 4 /OUTPUT 32 "data_o";
P_0xa228b3080 .param/l "WIDTH" 0 17 4, +C4<00000000000000000000000000100000>;
v0xa230b2620_0 .net "data0_i", 31 0, v0xa230b17c0_0;  alias, 1 drivers
v0xa230b26c0_0 .net "data1_i", 31 0, v0xa230b1c20_0;  alias, 1 drivers
v0xa230b2760_0 .net "data2_i", 31 0, v0xa230b19a0_0;  alias, 1 drivers
v0xa230b2800_0 .var "data_o", 31 0;
v0xa230b28a0_0 .net "sel_i", 1 0, v0xa230b1680_0;  alias, 1 drivers
E_0xa2285de00 .event anyedge, v0xa230b1680_0, v0xa230b17c0_0, v0xa230b1c20_0, v0xa230b19a0_0;
S_0xa228dae80 .scope begin, "mux3_block" "mux3_block" 17 13, 17 13 0, S_0xa228dad00;
 .timescale -12 -12;
S_0xa228db000 .scope module, "pc_plus4" "pc_plus4" 8 120, 19 3 0, S_0xa228d8d80;
 .timescale -12 -12;
    .port_info 0 /INPUT 32 "pc_i";
    .port_info 1 /OUTPUT 32 "pc_plus4_o";
L_0xa22c78058 .functor BUFT 1, C4<00000000000000000000000000000100>, C4<0>, C4<0>, C4<0>;
v0xa230b2940_0 .net/2u *"_ivl_0", 31 0, L_0xa22c78058;  1 drivers
v0xa230b29e0_0 .net "pc_i", 31 0, v0xa230b3160_0;  alias, 1 drivers
v0xa230b2a80_0 .net "pc_plus4_o", 31 0, L_0xa230bd540;  alias, 1 drivers
L_0xa230bd540 .arith/sum 32, v0xa230b3160_0, L_0xa22c78058;
S_0xa228db180 .scope module, "pcmux" "mux2" 8 95, 18 3 0, S_0xa228d8d80;
 .timescale -12 -12;
    .port_info 0 /INPUT 32 "data0_i";
    .port_info 1 /INPUT 32 "data1_i";
    .port_info 2 /INPUT 1 "sel_i";
    .port_info 3 /OUTPUT 32 "data_o";
P_0xa228b3140 .param/l "WIDTH" 0 18 4, +C4<00000000000000000000000000100000>;
v0xa230b2b20_0 .net "data0_i", 31 0, L_0xa230bd540;  alias, 1 drivers
v0xa230b2bc0_0 .net "data1_i", 31 0, L_0xa230bdae0;  alias, 1 drivers
v0xa230b2c60_0 .net "data_o", 31 0, L_0xa23091180;  alias, 1 drivers
v0xa230b2d00_0 .net "sel_i", 0 0, L_0x1032d3c50;  alias, 1 drivers
L_0xa23091180 .functor MUXZ 32, L_0xa230bd540, L_0xa230bdae0, L_0x1032d3c50, C4<>;
S_0xa228db300 .scope module, "pctarget" "pc_target_adder" 8 232, 20 3 0, S_0xa228d8d80;
 .timescale -12 -12;
    .port_info 0 /INPUT 32 "pc_i";
    .port_info 1 /INPUT 32 "imm_i";
    .port_info 2 /OUTPUT 32 "pc_target_o";
v0xa230b2da0_0 .net "imm_i", 31 0, v0xa23097f20_0;  alias, 1 drivers
v0xa230b2e40_0 .net "pc_i", 31 0, v0xa230b00a0_0;  alias, 1 drivers
v0xa230b2ee0_0 .net "pc_target_o", 31 0, L_0xa230bdae0;  alias, 1 drivers
L_0xa230bdae0 .arith/sum 32, v0xa230b00a0_0, v0xa23097f20_0;
S_0xa228db480 .scope module, "program_counter" "program_counter" 8 104, 21 3 0, S_0xa228d8d80;
 .timescale -12 -12;
    .port_info 0 /INPUT 1 "clk";
    .port_info 1 /INPUT 1 "rstn";
    .port_info 2 /INPUT 32 "pc_next_i";
    .port_info 3 /INPUT 1 "en_ni";
    .port_info 4 /OUTPUT 32 "pc_o";
P_0xa228b31c0 .param/l "RESET_PC" 0 21 4, C4<00000000000000000000000000000000>;
v0xa230b2f80_0 .net "clk", 0 0, v0xa230bd180_0;  alias, 1 drivers
v0xa230b3020_0 .net "en_ni", 0 0, L_0xa23054d90;  alias, 1 drivers
v0xa230b30c0_0 .net "pc_next_i", 31 0, L_0xa23091180;  alias, 1 drivers
v0xa230b3160_0 .var "pc_o", 31 0;
v0xa230b3200_0 .net "rstn", 0 0, v0xa230bd2c0_0;  alias, 1 drivers
S_0xa228db600 .scope begin, "pc_block" "pc_block" 21 13, 21 13 0, S_0xa228db480;
 .timescale -12 -12;
S_0xa228db780 .scope module, "register_file" "register_file" 8 142, 22 3 0, S_0xa228d8d80;
 .timescale -12 -12;
    .port_info 0 /INPUT 1 "clk";
    .port_info 1 /INPUT 1 "rstn";
    .port_info 2 /INPUT 1 "we_i";
    .port_info 3 /INPUT 5 "rs1_addr_i";
    .port_info 4 /INPUT 5 "rs2_addr_i";
    .port_info 5 /INPUT 5 "rd_addr_i";
    .port_info 6 /INPUT 32 "rd_data_i";
    .port_info 7 /OUTPUT 32 "rs1_data_o";
    .port_info 8 /OUTPUT 32 "rs2_data_o";
L_0xa22c780a0 .functor BUFT 1, C4<00000>, C4<0>, C4<0>, C4<0>;
v0xa230b32a0_0 .net/2u *"_ivl_0", 4 0, L_0xa22c780a0;  1 drivers
L_0xa22c78130 .functor BUFT 1, C4<00>, C4<0>, C4<0>, C4<0>;
v0xa230b3340_0 .net *"_ivl_11", 1 0, L_0xa22c78130;  1 drivers
L_0xa22c78178 .functor BUFT 1, C4<00000>, C4<0>, C4<0>, C4<0>;
v0xa230b33e0_0 .net/2u *"_ivl_14", 4 0, L_0xa22c78178;  1 drivers
v0xa230b3480_0 .net *"_ivl_16", 0 0, L_0xa2308c960;  1 drivers
L_0xa22c781c0 .functor BUFT 1, C4<00000000000000000000000000000000>, C4<0>, C4<0>, C4<0>;
v0xa230b3520_0 .net/2u *"_ivl_18", 31 0, L_0xa22c781c0;  1 drivers
v0xa230b35c0_0 .net *"_ivl_2", 0 0, L_0xa2308c8c0;  1 drivers
v0xa230b3660_0 .net *"_ivl_20", 31 0, L_0xa230bd680;  1 drivers
v0xa230b3700_0 .net *"_ivl_22", 6 0, L_0xa23091400;  1 drivers
L_0xa22c78208 .functor BUFT 1, C4<00>, C4<0>, C4<0>, C4<0>;
v0xa230b37a0_0 .net *"_ivl_25", 1 0, L_0xa22c78208;  1 drivers
L_0xa22c780e8 .functor BUFT 1, C4<00000000000000000000000000000000>, C4<0>, C4<0>, C4<0>;
v0xa230b3840_0 .net/2u *"_ivl_4", 31 0, L_0xa22c780e8;  1 drivers
v0xa230b38e0_0 .net *"_ivl_6", 31 0, L_0xa230bd5e0;  1 drivers
v0xa230b3980_0 .net *"_ivl_8", 6 0, L_0xa230912c0;  1 drivers
v0xa230b3a20_0 .net "clk", 0 0, v0xa230bd180_0;  alias, 1 drivers
v0xa230b3ac0_0 .var/i "i", 31 0;
v0xa230b3b60_0 .net "rd_addr_i", 4 0, v0xa230b1ae0_0;  alias, 1 drivers
v0xa230b3c00_0 .net "rd_data_i", 31 0, v0xa230b2800_0;  alias, 1 drivers
v0xa230b3ca0 .array "registers", 31 0, 31 0;
v0xa230b3d40_0 .net "rs1_addr_i", 4 0, L_0xa230bd720;  1 drivers
v0xa230b3de0_0 .net "rs1_data_o", 31 0, L_0xa23091360;  alias, 1 drivers
v0xa230b3e80_0 .net "rs2_addr_i", 4 0, L_0xa230bd7c0;  1 drivers
v0xa230b3f20_0 .net "rs2_data_o", 31 0, L_0xa230914a0;  alias, 1 drivers
v0xa230b4000_0 .net "rstn", 0 0, v0xa230bd2c0_0;  alias, 1 drivers
v0xa230b40a0_0 .net "we_i", 0 0, v0xa230b1540_0;  alias, 1 drivers
E_0xa2285dd40 .event negedge, v0xa230970c0_0, v0xa23096580_0;
L_0xa2308c8c0 .cmp/eq 5, L_0xa230bd720, L_0xa22c780a0;
L_0xa230bd5e0 .array/port v0xa230b3ca0, L_0xa230912c0;
L_0xa230912c0 .concat [ 5 2 0 0], L_0xa230bd720, L_0xa22c78130;
L_0xa23091360 .functor MUXZ 32, L_0xa230bd5e0, L_0xa22c780e8, L_0xa2308c8c0, C4<>;
L_0xa2308c960 .cmp/eq 5, L_0xa230bd7c0, L_0xa22c78178;
L_0xa230bd680 .array/port v0xa230b3ca0, L_0xa23091400;
L_0xa23091400 .concat [ 5 2 0 0], L_0xa230bd7c0, L_0xa22c78208;
L_0xa230914a0 .functor MUXZ 32, L_0xa230bd680, L_0xa22c781c0, L_0xa2308c960, C4<>;
S_0xa228db900 .scope begin, "register_block" "register_block" 22 19, 22 19 0, S_0xa228db780;
 .timescale -12 -12;
S_0xa228dba80 .scope module, "hazard_unit" "hazard_unit" 4 87, 23 3 0, S_0xa228d8300;
 .timescale -12 -12;
    .port_info 0 /INPUT 5 "rs1_addr_i";
    .port_info 1 /INPUT 5 "rs2_addr_i";
    .port_info 2 /INPUT 5 "rd_E_i";
    .port_info 3 /INPUT 5 "rs1_E_i";
    .port_info 4 /INPUT 5 "rs2_E_i";
    .port_info 5 /INPUT 1 "pc_src_i";
    .port_info 6 /INPUT 1 "result_src_E_i";
    .port_info 7 /INPUT 5 "rd_M_i";
    .port_info 8 /INPUT 1 "reg_write_M_i";
    .port_info 9 /INPUT 5 "rd_W_i";
    .port_info 10 /INPUT 1 "reg_write_W_i";
    .port_info 11 /OUTPUT 1 "stall_F_o";
    .port_info 12 /OUTPUT 1 "stall_D_o";
    .port_info 13 /OUTPUT 1 "flush_D_o";
    .port_info 14 /OUTPUT 1 "flush_E_o";
    .port_info 15 /OUTPUT 2 "forwardA_E_o";
    .port_info 16 /OUTPUT 2 "forwardB_E_o";
L_0x1032e1870 .functor OR 1, L_0xa2308caa0, L_0xa2308cb40, C4<0>, C4<0>;
L_0x1032e25b0 .functor AND 1, L_0xa230bdcc0, L_0x1032e1870, C4<1>, C4<1>;
L_0xa23054d90 .functor BUFZ 1, L_0x1032e25b0, C4<0>, C4<0>, C4<0>;
L_0xa23054e00 .functor BUFZ 1, L_0x1032e25b0, C4<0>, C4<0>, C4<0>;
L_0xa23054e70 .functor BUFZ 1, L_0xa23054b60, C4<0>, C4<0>, C4<0>;
L_0x1032dddf0 .functor OR 1, L_0x1032e25b0, L_0xa23054b60, C4<0>, C4<0>;
v0xa230b7160_0 .net *"_ivl_0", 0 0, L_0xa2308caa0;  1 drivers
v0xa230b7200_0 .net *"_ivl_2", 0 0, L_0xa2308cb40;  1 drivers
v0xa230b72a0_0 .net *"_ivl_5", 0 0, L_0x1032e1870;  1 drivers
v0xa230b7340_0 .net "flush_D_o", 0 0, L_0xa23054e70;  alias, 1 drivers
v0xa230b73e0_0 .net "flush_E_o", 0 0, L_0x1032dddf0;  alias, 1 drivers
v0xa230b7480_0 .var "forwardA_E_o", 1 0;
v0xa230b7520_0 .var "forwardB_E_o", 1 0;
v0xa230b75c0_0 .net "lwStall", 0 0, L_0x1032e25b0;  1 drivers
v0xa230b7660_0 .net "pc_src_i", 0 0, L_0xa23054b60;  alias, 1 drivers
v0xa230b7700_0 .net "rd_E_i", 4 0, L_0xa23054af0;  alias, 1 drivers
v0xa230b77a0_0 .net "rd_M_i", 4 0, L_0xa23054bd0;  alias, 1 drivers
v0xa230b7840_0 .net "rd_W_i", 4 0, L_0xa23054cb0;  alias, 1 drivers
v0xa230b78e0_0 .net "reg_write_M_i", 0 0, L_0xa23054c40;  alias, 1 drivers
v0xa230b7980_0 .net "reg_write_W_i", 0 0, L_0xa23054d20;  alias, 1 drivers
v0xa230b7a20_0 .net "result_src_E_i", 0 0, L_0xa230bdcc0;  alias, 1 drivers
v0xa230b7ac0_0 .net "rs1_E_i", 4 0, v0xa230b06e0_0;  alias, 1 drivers
v0xa230b7b60_0 .net "rs1_addr_i", 4 0, L_0xa230bdd60;  alias, 1 drivers
v0xa230b7c00_0 .net "rs2_E_i", 4 0, v0xa230b0820_0;  alias, 1 drivers
v0xa230b7ca0_0 .net "rs2_addr_i", 4 0, L_0xa230bde00;  alias, 1 drivers
v0xa230b7d40_0 .net "stall_D_o", 0 0, L_0xa23054e00;  alias, 1 drivers
v0xa230b7de0_0 .net "stall_F_o", 0 0, L_0xa23054d90;  alias, 1 drivers
E_0xa2285e800/0 .event anyedge, v0xa230b0820_0, v0xa230b4c80_0, v0xa230b4dc0_0, v0xa230b4d20_0;
E_0xa2285e800/1 .event anyedge, v0xa230b4e60_0;
E_0xa2285e800 .event/or E_0xa2285e800/0, E_0xa2285e800/1;
E_0xa2285e840/0 .event anyedge, v0xa230b06e0_0, v0xa230b4c80_0, v0xa230b4dc0_0, v0xa230b4d20_0;
E_0xa2285e840/1 .event anyedge, v0xa230b4e60_0;
E_0xa2285e840 .event/or E_0xa2285e840/0, E_0xa2285e840/1;
L_0xa2308caa0 .cmp/eq 5, L_0xa230bdd60, L_0xa23054af0;
L_0xa2308cb40 .cmp/eq 5, L_0xa230bde00, L_0xa23054af0;
S_0xa228dbc00 .scope begin, "forwardA_block" "forwardA_block" 23 26, 23 26 0, S_0xa228dba80;
 .timescale -12 -12;
S_0xa228dbd80 .scope begin, "forwardB_block" "forwardB_block" 23 35, 23 35 0, S_0xa228dba80;
 .timescale -12 -12;
    .scope S_0xa228db480;
T_0 ;
    %wait E_0xa2285da80;
    %fork t_1, S_0xa228db600;
    %jmp t_0;
    .scope S_0xa228db600;
t_1 ;
    %load/vec4 v0xa230b3200_0;
    %nor/r;
    %flag_set/vec4 8;
    %jmp/0xz  T_0.0, 8;
    %pushi/vec4 0, 0, 32;
    %assign/vec4 v0xa230b3160_0, 0;
    %jmp T_0.1;
T_0.0 ;
    %load/vec4 v0xa230b3020_0;
    %nor/r;
    %flag_set/vec4 8;
    %jmp/0xz  T_0.2, 8;
    %load/vec4 v0xa230b30c0_0;
    %assign/vec4 v0xa230b3160_0, 0;
T_0.2 ;
T_0.1 ;
    %end;
    .scope S_0xa228db480;
t_0 %join;
    %jmp T_0;
    .thread T_0;
    .scope S_0xa228da100;
T_1 ;
    %pushi/vec4 0, 0, 32;
    %store/vec4 v0xa230b12c0_0, 0, 32;
T_1.0 ; Top of for-loop
    %load/vec4 v0xa230b12c0_0;
    %cmpi/s 256, 0, 32;
	  %jmp/0xz T_1.1, 5;
    %pushi/vec4 19, 0, 32;
    %ix/getv/s 4, v0xa230b12c0_0;
    %store/vec4a v0xa230b1400, 4, 0;
T_1.2 ; for-loop step statement
    ; show_stmt_assign_vector: Get l-value for compressed += operand
    %load/vec4 v0xa230b12c0_0;
    %pushi/vec4 1, 0, 32;
    %add;
    %store/vec4 v0xa230b12c0_0, 0, 32;
    %jmp T_1.0;
T_1.1 ; for-loop exit label
    %vpi_call/w 15 28 "$readmemh", "test/program.hex", v0xa230b1400 {0 0 0};
    %end;
    .thread T_1;
    .scope S_0xa228d9e00;
T_2 ;
    %wait E_0xa2285da80;
    %fork t_3, S_0xa228d9f80;
    %jmp t_2;
    .scope S_0xa228d9f80;
t_3 ;
    %load/vec4 v0xa230b0f00_0;
    %nor/r;
    %flag_set/vec4 8;
    %jmp/0xz  T_2.0, 8;
    %pushi/vec4 0, 0, 32;
    %assign/vec4 v0xa230b0c80_0, 0;
    %pushi/vec4 0, 0, 32;
    %assign/vec4 v0xa230b0b40_0, 0;
    %pushi/vec4 0, 0, 32;
    %assign/vec4 v0xa230b0dc0_0, 0;
    %jmp T_2.1;
T_2.0 ;
    %load/vec4 v0xa230b0960_0;
    %flag_set/vec4 8;
    %jmp/0xz  T_2.2, 8;
    %pushi/vec4 0, 0, 32;
    %assign/vec4 v0xa230b0c80_0, 0;
    %pushi/vec4 0, 0, 32;
    %assign/vec4 v0xa230b0b40_0, 0;
    %pushi/vec4 0, 0, 32;
    %assign/vec4 v0xa230b0dc0_0, 0;
    %jmp T_2.3;
T_2.2 ;
    %load/vec4 v0xa230b0aa0_0;
    %nor/r;
    %flag_set/vec4 8;
    %jmp/0xz  T_2.4, 8;
    %load/vec4 v0xa230b0d20_0;
    %assign/vec4 v0xa230b0c80_0, 0;
    %load/vec4 v0xa230b0be0_0;
    %assign/vec4 v0xa230b0b40_0, 0;
    %load/vec4 v0xa230b0e60_0;
    %assign/vec4 v0xa230b0dc0_0, 0;
T_2.4 ;
T_2.3 ;
T_2.1 ;
    %end;
    .scope S_0xa228d9e00;
t_2 %join;
    %jmp T_2;
    .thread T_2;
    .scope S_0xa228db780;
T_3 ;
    %wait E_0xa2285dd40;
    %fork t_5, S_0xa228db900;
    %jmp t_4;
    .scope S_0xa228db900;
t_5 ;
    %load/vec4 v0xa230b4000_0;
    %nor/r;
    %flag_set/vec4 8;
    %jmp/0xz  T_3.0, 8;
    %pushi/vec4 0, 0, 32;
    %store/vec4 v0xa230b3ac0_0, 0, 32;
T_3.2 ; Top of for-loop
    %load/vec4 v0xa230b3ac0_0;
    %cmpi/s 32, 0, 32;
	  %jmp/0xz T_3.3, 5;
    %pushi/vec4 0, 0, 32;
    %ix/getv/s 3, v0xa230b3ac0_0;
    %ix/load 4, 0, 0; Constant delay
    %assign/vec4/a/d v0xa230b3ca0, 0, 4;
T_3.4 ; for-loop step statement
    ; show_stmt_assign_vector: Get l-value for compressed += operand
    %load/vec4 v0xa230b3ac0_0;
    %pushi/vec4 1, 0, 32;
    %add;
    %store/vec4 v0xa230b3ac0_0, 0, 32;
    %jmp T_3.2;
T_3.3 ; for-loop exit label
    %jmp T_3.1;
T_3.0 ;
    %load/vec4 v0xa230b40a0_0;
    %flag_set/vec4 9;
    %flag_get/vec4 9;
    %jmp/0 T_3.7, 9;
    %load/vec4 v0xa230b3b60_0;
    %pushi/vec4 0, 0, 5;
    %cmp/ne;
    %flag_get/vec4 4;
    %and;
T_3.7;
    %flag_set/vec4 8;
    %jmp/0xz  T_3.5, 8;
    %load/vec4 v0xa230b3c00_0;
    %load/vec4 v0xa230b3b60_0;
    %pad/u 7;
    %ix/vec4 3;
    %ix/load 4, 0, 0; Constant delay
    %assign/vec4/a/d v0xa230b3ca0, 0, 4;
T_3.5 ;
T_3.1 ;
    %end;
    .scope S_0xa228db780;
t_4 %join;
    %jmp T_3;
    .thread T_3;
    .scope S_0xa228d9800;
T_4 ;
Ewait_0 .event/or E_0xa2285dac0, E_0x0;
    %wait Ewait_0;
    %fork t_7, S_0xa228d9980;
    %jmp t_6;
    .scope S_0xa228d9980;
t_7 ;
    %load/vec4 v0xa23097340_0;
    %dup/vec4;
    %pushi/vec4 0, 0, 2;
    %cmp/u;
    %jmp/1 T_4.0, 6;
    %dup/vec4;
    %pushi/vec4 1, 0, 2;
    %cmp/u;
    %jmp/1 T_4.1, 6;
    %dup/vec4;
    %pushi/vec4 2, 0, 2;
    %cmp/u;
    %jmp/1 T_4.2, 6;
    %dup/vec4;
    %pushi/vec4 3, 0, 2;
    %cmp/u;
    %jmp/1 T_4.3, 6;
    %load/vec4 v0xa230973e0_0;
    %parti/s 1, 24, 6;
    %replicate 20;
    %load/vec4 v0xa230973e0_0;
    %parti/s 12, 13, 5;
    %concat/vec4; draw_concat_vec4
    %store/vec4 v0xa230972a0_0, 0, 32;
    %jmp T_4.5;
T_4.0 ;
    %load/vec4 v0xa230973e0_0;
    %parti/s 1, 24, 6;
    %replicate 20;
    %load/vec4 v0xa230973e0_0;
    %parti/s 12, 13, 5;
    %concat/vec4; draw_concat_vec4
    %store/vec4 v0xa230972a0_0, 0, 32;
    %jmp T_4.5;
T_4.1 ;
    %load/vec4 v0xa230973e0_0;
    %parti/s 1, 24, 6;
    %replicate 20;
    %load/vec4 v0xa230973e0_0;
    %parti/s 7, 18, 6;
    %concat/vec4; draw_concat_vec4
    %load/vec4 v0xa230973e0_0;
    %parti/s 5, 0, 2;
    %concat/vec4; draw_concat_vec4
    %store/vec4 v0xa230972a0_0, 0, 32;
    %jmp T_4.5;
T_4.2 ;
    %load/vec4 v0xa230973e0_0;
    %parti/s 1, 24, 6;
    %replicate 20;
    %load/vec4 v0xa230973e0_0;
    %parti/s 1, 0, 2;
    %concat/vec4; draw_concat_vec4
    %load/vec4 v0xa230973e0_0;
    %parti/s 6, 18, 6;
    %concat/vec4; draw_concat_vec4
    %load/vec4 v0xa230973e0_0;
    %parti/s 4, 1, 2;
    %concat/vec4; draw_concat_vec4
    %concati/vec4 0, 0, 1;
    %store/vec4 v0xa230972a0_0, 0, 32;
    %jmp T_4.5;
T_4.3 ;
    %load/vec4 v0xa230973e0_0;
    %parti/s 1, 24, 6;
    %replicate 12;
    %load/vec4 v0xa230973e0_0;
    %parti/s 8, 5, 4;
    %concat/vec4; draw_concat_vec4
    %load/vec4 v0xa230973e0_0;
    %parti/s 1, 13, 5;
    %concat/vec4; draw_concat_vec4
    %load/vec4 v0xa230973e0_0;
    %parti/s 10, 14, 5;
    %concat/vec4; draw_concat_vec4
    %concati/vec4 0, 0, 1;
    %store/vec4 v0xa230972a0_0, 0, 32;
    %jmp T_4.5;
T_4.5 ;
    %pop/vec4 1;
    %end;
    .scope S_0xa228d9800;
t_6 %join;
    %jmp T_4;
    .thread T_4, $push;
    .scope S_0xa228d9b00;
T_5 ;
    %wait E_0xa2285da80;
    %fork t_9, S_0xa228d9c80;
    %jmp t_8;
    .scope S_0xa228d9c80;
t_9 ;
    %load/vec4 v0xa230b08c0_0;
    %nor/r;
    %flag_set/vec4 8;
    %jmp/0xz  T_5.0, 8;
    %pushi/vec4 0, 0, 32;
    %assign/vec4 v0xa230b0320_0, 0;
    %pushi/vec4 0, 0, 32;
    %assign/vec4 v0xa230b0460_0, 0;
    %pushi/vec4 0, 0, 32;
    %assign/vec4 v0xa230b00a0_0, 0;
    %pushi/vec4 0, 0, 5;
    %assign/vec4 v0xa230b06e0_0, 0;
    %pushi/vec4 0, 0, 5;
    %assign/vec4 v0xa230b0820_0, 0;
    %pushi/vec4 0, 0, 5;
    %assign/vec4 v0xa230b05a0_0, 0;
    %pushi/vec4 0, 0, 32;
    %assign/vec4 v0xa23097f20_0, 0;
    %pushi/vec4 0, 0, 32;
    %assign/vec4 v0xa230b01e0_0, 0;
    %pushi/vec4 0, 0, 1;
    %assign/vec4 v0xa23097b60_0, 0;
    %pushi/vec4 0, 0, 2;
    %assign/vec4 v0xa23097ca0_0, 0;
    %pushi/vec4 0, 0, 1;
    %assign/vec4 v0xa23097a20_0, 0;
    %pushi/vec4 0, 0, 1;
    %assign/vec4 v0xa230978e0_0, 0;
    %pushi/vec4 0, 0, 1;
    %assign/vec4 v0xa230977a0_0, 0;
    %pushi/vec4 0, 0, 3;
    %assign/vec4 v0xa23097520_0, 0;
    %pushi/vec4 0, 0, 1;
    %assign/vec4 v0xa23097660_0, 0;
    %jmp T_5.1;
T_5.0 ;
    %load/vec4 v0xa23097d40_0;
    %flag_set/vec4 8;
    %jmp/0xz  T_5.2, 8;
    %pushi/vec4 0, 0, 32;
    %assign/vec4 v0xa230b0320_0, 0;
    %pushi/vec4 0, 0, 32;
    %assign/vec4 v0xa230b0460_0, 0;
    %pushi/vec4 0, 0, 32;
    %assign/vec4 v0xa230b00a0_0, 0;
    %pushi/vec4 0, 0, 5;
    %assign/vec4 v0xa230b06e0_0, 0;
    %pushi/vec4 0, 0, 5;
    %assign/vec4 v0xa230b0820_0, 0;
    %pushi/vec4 0, 0, 5;
    %assign/vec4 v0xa230b05a0_0, 0;
    %pushi/vec4 0, 0, 32;
    %assign/vec4 v0xa23097f20_0, 0;
    %pushi/vec4 0, 0, 32;
    %assign/vec4 v0xa230b01e0_0, 0;
    %pushi/vec4 0, 0, 1;
    %assign/vec4 v0xa23097b60_0, 0;
    %pushi/vec4 0, 0, 2;
    %assign/vec4 v0xa23097ca0_0, 0;
    %pushi/vec4 0, 0, 1;
    %assign/vec4 v0xa23097a20_0, 0;
    %pushi/vec4 0, 0, 1;
    %assign/vec4 v0xa230978e0_0, 0;
    %pushi/vec4 0, 0, 1;
    %assign/vec4 v0xa230977a0_0, 0;
    %pushi/vec4 0, 0, 3;
    %assign/vec4 v0xa23097520_0, 0;
    %pushi/vec4 0, 0, 1;
    %assign/vec4 v0xa23097660_0, 0;
    %jmp T_5.3;
T_5.2 ;
    %load/vec4 v0xa230b0280_0;
    %assign/vec4 v0xa230b0320_0, 0;
    %load/vec4 v0xa230b03c0_0;
    %assign/vec4 v0xa230b0460_0, 0;
    %load/vec4 v0xa230b0000_0;
    %assign/vec4 v0xa230b00a0_0, 0;
    %load/vec4 v0xa230b0640_0;
    %assign/vec4 v0xa230b06e0_0, 0;
    %load/vec4 v0xa230b0780_0;
    %assign/vec4 v0xa230b0820_0, 0;
    %load/vec4 v0xa230b0500_0;
    %assign/vec4 v0xa230b05a0_0, 0;
    %load/vec4 v0xa23097e80_0;
    %assign/vec4 v0xa23097f20_0, 0;
    %load/vec4 v0xa230b0140_0;
    %assign/vec4 v0xa230b01e0_0, 0;
    %load/vec4 v0xa23097ac0_0;
    %assign/vec4 v0xa23097b60_0, 0;
    %load/vec4 v0xa23097c00_0;
    %assign/vec4 v0xa23097ca0_0, 0;
    %load/vec4 v0xa23097980_0;
    %assign/vec4 v0xa23097a20_0, 0;
    %load/vec4 v0xa23097840_0;
    %assign/vec4 v0xa230978e0_0, 0;
    %load/vec4 v0xa23097700_0;
    %assign/vec4 v0xa230977a0_0, 0;
    %load/vec4 v0xa23097480_0;
    %assign/vec4 v0xa23097520_0, 0;
    %load/vec4 v0xa230975c0_0;
    %assign/vec4 v0xa23097660_0, 0;
T_5.3 ;
T_5.1 ;
    %end;
    .scope S_0xa228d9b00;
t_8 %join;
    %jmp T_5;
    .thread T_5;
    .scope S_0xa228da580;
T_6 ;
Ewait_1 .event/or E_0xa2285dd00, E_0x0;
    %wait Ewait_1;
    %fork t_11, S_0xa228da700;
    %jmp t_10;
    .scope S_0xa228da700;
t_11 ;
    %load/vec4 v0xa230b1fe0_0;
    %dup/vec4;
    %pushi/vec4 0, 0, 2;
    %cmp/u;
    %jmp/1 T_6.0, 6;
    %dup/vec4;
    %pushi/vec4 1, 0, 2;
    %cmp/u;
    %jmp/1 T_6.1, 6;
    %dup/vec4;
    %pushi/vec4 2, 0, 2;
    %cmp/u;
    %jmp/1 T_6.2, 6;
    %pushi/vec4 0, 0, 32;
    %store/vec4 v0xa230b1f40_0, 0, 32;
    %jmp T_6.4;
T_6.0 ;
    %load/vec4 v0xa230b1d60_0;
    %store/vec4 v0xa230b1f40_0, 0, 32;
    %jmp T_6.4;
T_6.1 ;
    %load/vec4 v0xa230b1e00_0;
    %store/vec4 v0xa230b1f40_0, 0, 32;
    %jmp T_6.4;
T_6.2 ;
    %load/vec4 v0xa230b1ea0_0;
    %store/vec4 v0xa230b1f40_0, 0, 32;
    %jmp T_6.4;
T_6.4 ;
    %pop/vec4 1;
    %end;
    .scope S_0xa228da580;
t_10 %join;
    %jmp T_6;
    .thread T_6, $push;
    .scope S_0xa228da880;
T_7 ;
Ewait_2 .event/or E_0xa2285ddc0, E_0x0;
    %wait Ewait_2;
    %fork t_13, S_0xa228daa00;
    %jmp t_12;
    .scope S_0xa228daa00;
t_13 ;
    %load/vec4 v0xa230b2300_0;
    %dup/vec4;
    %pushi/vec4 0, 0, 2;
    %cmp/u;
    %jmp/1 T_7.0, 6;
    %dup/vec4;
    %pushi/vec4 1, 0, 2;
    %cmp/u;
    %jmp/1 T_7.1, 6;
    %dup/vec4;
    %pushi/vec4 2, 0, 2;
    %cmp/u;
    %jmp/1 T_7.2, 6;
    %pushi/vec4 0, 0, 32;
    %store/vec4 v0xa230b2260_0, 0, 32;
    %jmp T_7.4;
T_7.0 ;
    %load/vec4 v0xa230b2080_0;
    %store/vec4 v0xa230b2260_0, 0, 32;
    %jmp T_7.4;
T_7.1 ;
    %load/vec4 v0xa230b2120_0;
    %store/vec4 v0xa230b2260_0, 0, 32;
    %jmp T_7.4;
T_7.2 ;
    %load/vec4 v0xa230b21c0_0;
    %store/vec4 v0xa230b2260_0, 0, 32;
    %jmp T_7.4;
T_7.4 ;
    %pop/vec4 1;
    %end;
    .scope S_0xa228da880;
t_12 %join;
    %jmp T_7;
    .thread T_7, $push;
    .scope S_0xa228d8f00;
T_8 ;
Ewait_3 .event/or E_0xa2285da00, E_0x0;
    %wait Ewait_3;
    %fork t_15, S_0xa228d9080;
    %jmp t_14;
    .scope S_0xa228d9080;
t_15 ;
    %load/vec4 v0xa23095fe0_0;
    %dup/vec4;
    %pushi/vec4 0, 0, 3;
    %cmp/u;
    %jmp/1 T_8.0, 6;
    %dup/vec4;
    %pushi/vec4 1, 0, 3;
    %cmp/u;
    %jmp/1 T_8.1, 6;
    %dup/vec4;
    %pushi/vec4 2, 0, 3;
    %cmp/u;
    %jmp/1 T_8.2, 6;
    %dup/vec4;
    %pushi/vec4 3, 0, 3;
    %cmp/u;
    %jmp/1 T_8.3, 6;
    %dup/vec4;
    %pushi/vec4 5, 0, 3;
    %cmp/u;
    %jmp/1 T_8.4, 6;
    %pushi/vec4 0, 0, 32;
    %store/vec4 v0xa23096120_0, 0, 32;
    %jmp T_8.6;
T_8.0 ;
    %load/vec4 v0xa23095f40_0;
    %load/vec4 v0xa23096080_0;
    %add;
    %store/vec4 v0xa23096120_0, 0, 32;
    %jmp T_8.6;
T_8.1 ;
    %load/vec4 v0xa23095f40_0;
    %load/vec4 v0xa23096080_0;
    %sub;
    %store/vec4 v0xa23096120_0, 0, 32;
    %jmp T_8.6;
T_8.2 ;
    %load/vec4 v0xa23095f40_0;
    %load/vec4 v0xa23096080_0;
    %and;
    %store/vec4 v0xa23096120_0, 0, 32;
    %jmp T_8.6;
T_8.3 ;
    %load/vec4 v0xa23095f40_0;
    %load/vec4 v0xa23096080_0;
    %or;
    %store/vec4 v0xa23096120_0, 0, 32;
    %jmp T_8.6;
T_8.4 ;
    %load/vec4 v0xa23095f40_0;
    %load/vec4 v0xa23096080_0;
    %cmp/s;
    %flag_mov 8, 5;
    %jmp/0 T_8.7, 8;
    %pushi/vec4 1, 0, 32;
    %jmp/1 T_8.8, 8;
T_8.7 ; End of true expr.
    %pushi/vec4 0, 0, 32;
    %jmp/0 T_8.8, 8;
 ; End of false expr.
    %blend;
T_8.8;
    %store/vec4 v0xa23096120_0, 0, 32;
    %jmp T_8.6;
T_8.6 ;
    %pop/vec4 1;
    %end;
    .scope S_0xa228d8f00;
t_14 %join;
    %jmp T_8;
    .thread T_8, $push;
    .scope S_0xa228d9500;
T_9 ;
    %wait E_0xa2285da80;
    %fork t_17, S_0xa228d9680;
    %jmp t_16;
    .scope S_0xa228d9680;
t_17 ;
    %load/vec4 v0xa230970c0_0;
    %nor/r;
    %flag_set/vec4 8;
    %jmp/0xz  T_9.0, 8;
    %pushi/vec4 0, 0, 32;
    %assign/vec4 v0xa23096d00_0, 0;
    %pushi/vec4 0, 0, 32;
    %assign/vec4 v0xa23097200_0, 0;
    %pushi/vec4 0, 0, 5;
    %assign/vec4 v0xa23097020_0, 0;
    %pushi/vec4 0, 0, 32;
    %assign/vec4 v0xa23096ee0_0, 0;
    %pushi/vec4 0, 0, 1;
    %assign/vec4 v0xa23096a80_0, 0;
    %pushi/vec4 0, 0, 2;
    %assign/vec4 v0xa23096bc0_0, 0;
    %pushi/vec4 0, 0, 1;
    %assign/vec4 v0xa23096940_0, 0;
    %jmp T_9.1;
T_9.0 ;
    %load/vec4 v0xa23096c60_0;
    %assign/vec4 v0xa23096d00_0, 0;
    %load/vec4 v0xa23097160_0;
    %assign/vec4 v0xa23097200_0, 0;
    %load/vec4 v0xa23096f80_0;
    %assign/vec4 v0xa23097020_0, 0;
    %load/vec4 v0xa23096e40_0;
    %assign/vec4 v0xa23096ee0_0, 0;
    %load/vec4 v0xa230969e0_0;
    %assign/vec4 v0xa23096a80_0, 0;
    %load/vec4 v0xa23096b20_0;
    %assign/vec4 v0xa23096bc0_0, 0;
    %load/vec4 v0xa230968a0_0;
    %assign/vec4 v0xa23096940_0, 0;
T_9.1 ;
    %end;
    .scope S_0xa228d9500;
t_16 %join;
    %jmp T_9;
    .thread T_9;
    .scope S_0xa228d9200;
T_10 ;
    %wait E_0xa2285da40;
    %fork t_19, S_0xa228d9380;
    %jmp t_18;
    .scope S_0xa228d9380;
t_19 ;
    %load/vec4 v0xa23096760_0;
    %flag_set/vec4 8;
    %jmp/0xz  T_10.0, 8;
    %load/vec4 v0xa23096800_0;
    %load/vec4 v0xa230964e0_0;
    %parti/s 8, 2, 3;
    %pad/u 10;
    %ix/vec4 3;
    %ix/load 4, 0, 0; Constant delay
    %assign/vec4/a/d v0xa23096620, 0, 4;
T_10.0 ;
    %end;
    .scope S_0xa228d9200;
t_18 %join;
    %jmp T_10;
    .thread T_10;
    .scope S_0xa228da280;
T_11 ;
    %wait E_0xa2285da80;
    %fork t_21, S_0xa228da400;
    %jmp t_20;
    .scope S_0xa228da400;
t_21 ;
    %load/vec4 v0xa230b1cc0_0;
    %nor/r;
    %flag_set/vec4 8;
    %jmp/0xz  T_11.0, 8;
    %pushi/vec4 0, 0, 32;
    %assign/vec4 v0xa230b17c0_0, 0;
    %pushi/vec4 0, 0, 32;
    %assign/vec4 v0xa230b1c20_0, 0;
    %pushi/vec4 0, 0, 5;
    %assign/vec4 v0xa230b1ae0_0, 0;
    %pushi/vec4 0, 0, 32;
    %assign/vec4 v0xa230b19a0_0, 0;
    %pushi/vec4 0, 0, 1;
    %assign/vec4 v0xa230b1540_0, 0;
    %pushi/vec4 0, 0, 2;
    %assign/vec4 v0xa230b1680_0, 0;
    %jmp T_11.1;
T_11.0 ;
    %load/vec4 v0xa230b1720_0;
    %assign/vec4 v0xa230b17c0_0, 0;
    %load/vec4 v0xa230b1b80_0;
    %assign/vec4 v0xa230b1c20_0, 0;
    %load/vec4 v0xa230b1a40_0;
    %assign/vec4 v0xa230b1ae0_0, 0;
    %load/vec4 v0xa230b1900_0;
    %assign/vec4 v0xa230b19a0_0, 0;
    %load/vec4 v0xa230b14a0_0;
    %assign/vec4 v0xa230b1540_0, 0;
    %load/vec4 v0xa230b15e0_0;
    %assign/vec4 v0xa230b1680_0, 0;
T_11.1 ;
    %end;
    .scope S_0xa228da280;
t_20 %join;
    %jmp T_11;
    .thread T_11;
    .scope S_0xa228dad00;
T_12 ;
Ewait_4 .event/or E_0xa2285de00, E_0x0;
    %wait Ewait_4;
    %fork t_23, S_0xa228dae80;
    %jmp t_22;
    .scope S_0xa228dae80;
t_23 ;
    %load/vec4 v0xa230b28a0_0;
    %dup/vec4;
    %pushi/vec4 0, 0, 2;
    %cmp/u;
    %jmp/1 T_12.0, 6;
    %dup/vec4;
    %pushi/vec4 1, 0, 2;
    %cmp/u;
    %jmp/1 T_12.1, 6;
    %dup/vec4;
    %pushi/vec4 2, 0, 2;
    %cmp/u;
    %jmp/1 T_12.2, 6;
    %pushi/vec4 0, 0, 32;
    %store/vec4 v0xa230b2800_0, 0, 32;
    %jmp T_12.4;
T_12.0 ;
    %load/vec4 v0xa230b2620_0;
    %store/vec4 v0xa230b2800_0, 0, 32;
    %jmp T_12.4;
T_12.1 ;
    %load/vec4 v0xa230b26c0_0;
    %store/vec4 v0xa230b2800_0, 0, 32;
    %jmp T_12.4;
T_12.2 ;
    %load/vec4 v0xa230b2760_0;
    %store/vec4 v0xa230b2800_0, 0, 32;
    %jmp T_12.4;
T_12.4 ;
    %pop/vec4 1;
    %end;
    .scope S_0xa228dad00;
t_22 %join;
    %jmp T_12;
    .thread T_12, $push;
    .scope S_0xa228d8900;
T_13 ;
Ewait_5 .event/or E_0xa2285d980, E_0x0;
    %wait Ewait_5;
    %fork t_25, S_0xa228d8c00;
    %jmp t_24;
    .scope S_0xa228d8c00;
t_25 ;
    %load/vec4 v0xa23095540_0;
    %dup/vec4;
    %pushi/vec4 3, 0, 7;
    %cmp/u;
    %jmp/1 T_13.0, 6;
    %dup/vec4;
    %pushi/vec4 35, 0, 7;
    %cmp/u;
    %jmp/1 T_13.1, 6;
    %dup/vec4;
    %pushi/vec4 51, 0, 7;
    %cmp/u;
    %jmp/1 T_13.2, 6;
    %dup/vec4;
    %pushi/vec4 99, 0, 7;
    %cmp/u;
    %jmp/1 T_13.3, 6;
    %dup/vec4;
    %pushi/vec4 19, 0, 7;
    %cmp/u;
    %jmp/1 T_13.4, 6;
    %dup/vec4;
    %pushi/vec4 111, 0, 7;
    %cmp/u;
    %jmp/1 T_13.5, 6;
    %pushi/vec4 0, 0, 1;
    %store/vec4 v0xa230955e0_0, 0, 1;
    %pushi/vec4 0, 0, 2;
    %store/vec4 v0xa23095360_0, 0, 2;
    %pushi/vec4 0, 0, 1;
    %store/vec4 v0xa23095220_0, 0, 1;
    %pushi/vec4 0, 0, 1;
    %store/vec4 v0xa230954a0_0, 0, 1;
    %pushi/vec4 0, 0, 2;
    %store/vec4 v0xa23095680_0, 0, 2;
    %pushi/vec4 0, 0, 1;
    %store/vec4 v0xa230952c0_0, 0, 1;
    %pushi/vec4 0, 0, 2;
    %store/vec4 v0xa23095180_0, 0, 2;
    %pushi/vec4 0, 0, 1;
    %store/vec4 v0xa23095400_0, 0, 1;
    %jmp T_13.7;
T_13.0 ;
    %pushi/vec4 1, 0, 1;
    %store/vec4 v0xa230955e0_0, 0, 1;
    %pushi/vec4 0, 0, 2;
    %store/vec4 v0xa23095360_0, 0, 2;
    %pushi/vec4 1, 0, 1;
    %store/vec4 v0xa23095220_0, 0, 1;
    %pushi/vec4 0, 0, 1;
    %store/vec4 v0xa230954a0_0, 0, 1;
    %pushi/vec4 1, 0, 2;
    %store/vec4 v0xa23095680_0, 0, 2;
    %pushi/vec4 0, 0, 1;
    %store/vec4 v0xa230952c0_0, 0, 1;
    %pushi/vec4 0, 0, 2;
    %store/vec4 v0xa23095180_0, 0, 2;
    %pushi/vec4 0, 0, 1;
    %store/vec4 v0xa23095400_0, 0, 1;
    %jmp T_13.7;
T_13.1 ;
    %pushi/vec4 0, 0, 1;
    %store/vec4 v0xa230955e0_0, 0, 1;
    %pushi/vec4 1, 0, 2;
    %store/vec4 v0xa23095360_0, 0, 2;
    %pushi/vec4 1, 0, 1;
    %store/vec4 v0xa23095220_0, 0, 1;
    %pushi/vec4 1, 0, 1;
    %store/vec4 v0xa230954a0_0, 0, 1;
    %pushi/vec4 0, 0, 2;
    %store/vec4 v0xa23095680_0, 0, 2;
    %pushi/vec4 0, 0, 1;
    %store/vec4 v0xa230952c0_0, 0, 1;
    %pushi/vec4 0, 0, 2;
    %store/vec4 v0xa23095180_0, 0, 2;
    %pushi/vec4 0, 0, 1;
    %store/vec4 v0xa23095400_0, 0, 1;
    %jmp T_13.7;
T_13.2 ;
    %pushi/vec4 1, 0, 1;
    %store/vec4 v0xa230955e0_0, 0, 1;
    %pushi/vec4 0, 0, 2;
    %store/vec4 v0xa23095360_0, 0, 2;
    %pushi/vec4 0, 0, 1;
    %store/vec4 v0xa23095220_0, 0, 1;
    %pushi/vec4 0, 0, 1;
    %store/vec4 v0xa230954a0_0, 0, 1;
    %pushi/vec4 0, 0, 2;
    %store/vec4 v0xa23095680_0, 0, 2;
    %pushi/vec4 0, 0, 1;
    %store/vec4 v0xa230952c0_0, 0, 1;
    %pushi/vec4 2, 0, 2;
    %store/vec4 v0xa23095180_0, 0, 2;
    %pushi/vec4 0, 0, 1;
    %store/vec4 v0xa23095400_0, 0, 1;
    %jmp T_13.7;
T_13.3 ;
    %pushi/vec4 0, 0, 1;
    %store/vec4 v0xa230955e0_0, 0, 1;
    %pushi/vec4 2, 0, 2;
    %store/vec4 v0xa23095360_0, 0, 2;
    %pushi/vec4 0, 0, 1;
    %store/vec4 v0xa23095220_0, 0, 1;
    %pushi/vec4 0, 0, 1;
    %store/vec4 v0xa230954a0_0, 0, 1;
    %pushi/vec4 0, 0, 2;
    %store/vec4 v0xa23095680_0, 0, 2;
    %pushi/vec4 1, 0, 1;
    %store/vec4 v0xa230952c0_0, 0, 1;
    %pushi/vec4 1, 0, 2;
    %store/vec4 v0xa23095180_0, 0, 2;
    %pushi/vec4 0, 0, 1;
    %store/vec4 v0xa23095400_0, 0, 1;
    %jmp T_13.7;
T_13.4 ;
    %pushi/vec4 1, 0, 1;
    %store/vec4 v0xa230955e0_0, 0, 1;
    %pushi/vec4 0, 0, 2;
    %store/vec4 v0xa23095360_0, 0, 2;
    %pushi/vec4 1, 0, 1;
    %store/vec4 v0xa23095220_0, 0, 1;
    %pushi/vec4 0, 0, 1;
    %store/vec4 v0xa230954a0_0, 0, 1;
    %pushi/vec4 0, 0, 2;
    %store/vec4 v0xa23095680_0, 0, 2;
    %pushi/vec4 0, 0, 1;
    %store/vec4 v0xa230952c0_0, 0, 1;
    %pushi/vec4 2, 0, 2;
    %store/vec4 v0xa23095180_0, 0, 2;
    %pushi/vec4 0, 0, 1;
    %store/vec4 v0xa23095400_0, 0, 1;
    %jmp T_13.7;
T_13.5 ;
    %pushi/vec4 1, 0, 1;
    %store/vec4 v0xa230955e0_0, 0, 1;
    %pushi/vec4 3, 0, 2;
    %store/vec4 v0xa23095360_0, 0, 2;
    %pushi/vec4 0, 0, 1;
    %store/vec4 v0xa23095220_0, 0, 1;
    %pushi/vec4 0, 0, 1;
    %store/vec4 v0xa230954a0_0, 0, 1;
    %pushi/vec4 2, 0, 2;
    %store/vec4 v0xa23095680_0, 0, 2;
    %pushi/vec4 0, 0, 1;
    %store/vec4 v0xa230952c0_0, 0, 1;
    %pushi/vec4 0, 0, 2;
    %store/vec4 v0xa23095180_0, 0, 2;
    %pushi/vec4 1, 0, 1;
    %store/vec4 v0xa23095400_0, 0, 1;
    %jmp T_13.7;
T_13.7 ;
    %pop/vec4 1;
    %end;
    .scope S_0xa228d8900;
t_24 %join;
    %jmp T_13;
    .thread T_13, $push;
    .scope S_0xa228d8600;
T_14 ;
Ewait_6 .event/or E_0xa2285d940, E_0x0;
    %wait Ewait_6;
    %fork t_27, S_0xa228d8780;
    %jmp t_26;
    .scope S_0xa228d8780;
t_27 ;
    %load/vec4 v0xa23094320_0;
    %dup/vec4;
    %pushi/vec4 0, 0, 2;
    %cmp/u;
    %jmp/1 T_14.0, 6;
    %dup/vec4;
    %pushi/vec4 1, 0, 2;
    %cmp/u;
    %jmp/1 T_14.1, 6;
    %dup/vec4;
    %pushi/vec4 2, 0, 2;
    %cmp/u;
    %jmp/1 T_14.2, 6;
    %dup/vec4;
    %pushi/vec4 3, 0, 2;
    %cmp/u;
    %jmp/1 T_14.3, 6;
    %pushi/vec4 0, 0, 3;
    %store/vec4 v0xa23094820_0, 0, 3;
    %jmp T_14.5;
T_14.0 ;
    %pushi/vec4 0, 0, 3;
    %store/vec4 v0xa23094820_0, 0, 3;
    %jmp T_14.5;
T_14.1 ;
    %pushi/vec4 1, 0, 3;
    %store/vec4 v0xa23094820_0, 0, 3;
    %jmp T_14.5;
T_14.2 ;
    %load/vec4 v0xa23094fa0_0;
    %cmpi/e 0, 0, 3;
    %jmp/0xz  T_14.6, 4;
    %load/vec4 v0xa230950e0_0;
    %load/vec4 v0xa23095040_0;
    %concat/vec4; draw_concat_vec4
    %cmpi/e 3, 0, 2;
    %jmp/0xz  T_14.8, 4;
    %pushi/vec4 1, 0, 3;
    %store/vec4 v0xa23094820_0, 0, 3;
    %jmp T_14.9;
T_14.8 ;
    %pushi/vec4 0, 0, 3;
    %store/vec4 v0xa23094820_0, 0, 3;
T_14.9 ;
    %jmp T_14.7;
T_14.6 ;
    %load/vec4 v0xa23094fa0_0;
    %cmpi/e 2, 0, 3;
    %jmp/0xz  T_14.10, 4;
    %pushi/vec4 5, 0, 3;
    %store/vec4 v0xa23094820_0, 0, 3;
    %jmp T_14.11;
T_14.10 ;
    %load/vec4 v0xa23094fa0_0;
    %cmpi/e 6, 0, 3;
    %jmp/0xz  T_14.12, 4;
    %pushi/vec4 3, 0, 3;
    %store/vec4 v0xa23094820_0, 0, 3;
    %jmp T_14.13;
T_14.12 ;
    %load/vec4 v0xa23094fa0_0;
    %cmpi/e 7, 0, 3;
    %jmp/0xz  T_14.14, 4;
    %pushi/vec4 2, 0, 3;
    %store/vec4 v0xa23094820_0, 0, 3;
    %jmp T_14.15;
T_14.14 ;
    %pushi/vec4 0, 0, 3;
    %store/vec4 v0xa23094820_0, 0, 3;
T_14.15 ;
T_14.13 ;
T_14.11 ;
T_14.7 ;
    %jmp T_14.5;
T_14.3 ;
    %pushi/vec4 0, 0, 3;
    %store/vec4 v0xa23094820_0, 0, 3;
    %jmp T_14.5;
T_14.5 ;
    %pop/vec4 1;
    %end;
    .scope S_0xa228d8600;
t_26 %join;
    %jmp T_14;
    .thread T_14, $push;
    .scope S_0xa228dba80;
T_15 ;
Ewait_7 .event/or E_0xa2285e840, E_0x0;
    %wait Ewait_7;
    %fork t_29, S_0xa228dbc00;
    %jmp t_28;
    .scope S_0xa228dbc00;
t_29 ;
    %load/vec4 v0xa230b7ac0_0;
    %load/vec4 v0xa230b77a0_0;
    %cmp/e;
    %flag_get/vec4 4;
    %jmp/0 T_15.3, 4;
    %load/vec4 v0xa230b78e0_0;
    %and;
T_15.3;
    %flag_set/vec4 9;
    %flag_get/vec4 9;
    %jmp/0 T_15.2, 9;
    %load/vec4 v0xa230b7ac0_0;
    %pad/u 32;
    %pushi/vec4 0, 0, 32;
    %cmp/ne;
    %flag_get/vec4 4;
    %and;
T_15.2;
    %flag_set/vec4 8;
    %jmp/0xz  T_15.0, 8;
    %pushi/vec4 2, 0, 2;
    %store/vec4 v0xa230b7480_0, 0, 2;
    %jmp T_15.1;
T_15.0 ;
    %load/vec4 v0xa230b7ac0_0;
    %load/vec4 v0xa230b7840_0;
    %cmp/e;
    %flag_get/vec4 4;
    %jmp/0 T_15.7, 4;
    %load/vec4 v0xa230b7980_0;
    %and;
T_15.7;
    %flag_set/vec4 9;
    %flag_get/vec4 9;
    %jmp/0 T_15.6, 9;
    %load/vec4 v0xa230b7ac0_0;
    %pad/u 32;
    %pushi/vec4 0, 0, 32;
    %cmp/ne;
    %flag_get/vec4 4;
    %and;
T_15.6;
    %flag_set/vec4 8;
    %jmp/0xz  T_15.4, 8;
    %pushi/vec4 1, 0, 2;
    %store/vec4 v0xa230b7480_0, 0, 2;
    %jmp T_15.5;
T_15.4 ;
    %pushi/vec4 0, 0, 2;
    %store/vec4 v0xa230b7480_0, 0, 2;
T_15.5 ;
T_15.1 ;
    %end;
    .scope S_0xa228dba80;
t_28 %join;
    %jmp T_15;
    .thread T_15, $push;
    .scope S_0xa228dba80;
T_16 ;
Ewait_8 .event/or E_0xa2285e800, E_0x0;
    %wait Ewait_8;
    %fork t_31, S_0xa228dbd80;
    %jmp t_30;
    .scope S_0xa228dbd80;
t_31 ;
    %load/vec4 v0xa230b7c00_0;
    %load/vec4 v0xa230b77a0_0;
    %cmp/e;
    %flag_get/vec4 4;
    %jmp/0 T_16.3, 4;
    %load/vec4 v0xa230b78e0_0;
    %and;
T_16.3;
    %flag_set/vec4 9;
    %flag_get/vec4 9;
    %jmp/0 T_16.2, 9;
    %load/vec4 v0xa230b7c00_0;
    %pad/u 32;
    %pushi/vec4 0, 0, 32;
    %cmp/ne;
    %flag_get/vec4 4;
    %and;
T_16.2;
    %flag_set/vec4 8;
    %jmp/0xz  T_16.0, 8;
    %pushi/vec4 2, 0, 2;
    %store/vec4 v0xa230b7520_0, 0, 2;
    %jmp T_16.1;
T_16.0 ;
    %load/vec4 v0xa230b7c00_0;
    %load/vec4 v0xa230b7840_0;
    %cmp/e;
    %flag_get/vec4 4;
    %jmp/0 T_16.7, 4;
    %load/vec4 v0xa230b7980_0;
    %and;
T_16.7;
    %flag_set/vec4 9;
    %flag_get/vec4 9;
    %jmp/0 T_16.6, 9;
    %load/vec4 v0xa230b7c00_0;
    %pad/u 32;
    %pushi/vec4 0, 0, 32;
    %cmp/ne;
    %flag_get/vec4 4;
    %and;
T_16.6;
    %flag_set/vec4 8;
    %jmp/0xz  T_16.4, 8;
    %pushi/vec4 1, 0, 2;
    %store/vec4 v0xa230b7520_0, 0, 2;
    %jmp T_16.5;
T_16.4 ;
    %pushi/vec4 0, 0, 2;
    %store/vec4 v0xa230b7520_0, 0, 2;
T_16.5 ;
T_16.1 ;
    %end;
    .scope S_0xa228dba80;
t_30 %join;
    %jmp T_16;
    .thread T_16, $push;
    .scope S_0xa228d8180;
T_17 ;
    %delay 5, 0;
    %load/vec4 v0xa230bd180_0;
    %inv;
    %store/vec4 v0xa230bd180_0, 0, 1;
    %jmp T_17;
    .thread T_17;
    .scope S_0xa228d8180;
T_18 ;
    %vpi_func 3 25 "$fopen" 32, "pipeline_trace.txt", "w" {0 0 0};
    %store/vec4 v0xa230bd360_0, 0, 32;
    %load/vec4 v0xa230bd360_0;
    %cmpi/e 0, 0, 32;
    %jmp/0xz  T_18.0, 4;
    %vpi_call/w 3 28 "$fatal", 32'sb00000000000000000000000000000001, "Could not open pipeline_trace.txt" {0 0 0};
T_18.0 ;
    %vpi_call/w 3 30 "$fdisplay", v0xa230bd360_0, "============================================================" {0 0 0};
    %vpi_call/w 3 32 "$fdisplay", v0xa230bd360_0, "              PIPELINED RISC-V SIMULATION TRACE" {0 0 0};
    %vpi_call/w 3 34 "$fdisplay", v0xa230bd360_0, "============================================================" {0 0 0};
    %vpi_call/w 3 36 "$fdisplay", v0xa230bd360_0, "\000" {0 0 0};
    %pushi/vec4 0, 0, 32;
    %store/vec4 v0xa230bd220_0, 0, 32;
    %end;
    .thread T_18;
    .scope S_0xa228d8180;
T_19 ;
    %wait E_0xa2285da40;
    %load/vec4 v0xa230bd2c0_0;
    %flag_set/vec4 8;
    %jmp/0xz  T_19.0, 8;
    %load/vec4 v0xa230bd220_0;
    %addi 1, 0, 32;
    %store/vec4 v0xa230bd220_0, 0, 32;
    %delay 1, 0;
    %vpi_call/w 3 54 "$fdisplay", v0xa230bd360_0, "============================================================" {0 0 0};
    %vpi_call/w 3 57 "$fdisplay", v0xa230bd360_0, "CYCLE %0d    TIME = %0t", v0xa230bd220_0, $time {0 0 0};
    %vpi_call/w 3 61 "$fdisplay", v0xa230bd360_0, "============================================================" {0 0 0};
    %vpi_call/w 3 69 "$fdisplay", v0xa230bd360_0, "\000" {0 0 0};
    %vpi_call/w 3 70 "$fdisplay", v0xa230bd360_0, "[DECODE]" {0 0 0};
    %vpi_call/w 3 72 "$fdisplay", v0xa230bd360_0, "Instruction D : 0x%08h", v0xa230b5400_0 {0 0 0};
    %vpi_call/w 3 76 "$fdisplay", v0xa230bd360_0, "rs1           : x%0d", &PV<v0xa230b5400_0, 15, 5> {0 0 0};
    %vpi_call/w 3 80 "$fdisplay", v0xa230bd360_0, "rs2           : x%0d", &PV<v0xa230b5400_0, 20, 5> {0 0 0};
    %vpi_call/w 3 84 "$fdisplay", v0xa230bd360_0, "rd            : x%0d", &PV<v0xa230b5400_0, 7, 5> {0 0 0};
    %vpi_call/w 3 88 "$fdisplay", v0xa230bd360_0, "RD1           : 0x%08h (%0d)", v0xa230b5ea0_0, v0xa230b5ea0_0 {0 0 0};
    %vpi_call/w 3 93 "$fdisplay", v0xa230bd360_0, "RD2           : 0x%08h (%0d)", v0xa230b5fe0_0, v0xa230b5fe0_0 {0 0 0};
    %vpi_call/w 3 103 "$fdisplay", v0xa230bd360_0, "\000" {0 0 0};
    %vpi_call/w 3 104 "$fdisplay", v0xa230bd360_0, "[CONTROL]" {0 0 0};
    %vpi_call/w 3 106 "$fdisplay", v0xa230bd360_0, "RegWriteD     : %b", v0xa230bcdc0_0 {0 0 0};
    %vpi_call/w 3 110 "$fdisplay", v0xa230bd360_0, "MemWriteD     : %b", v0xa230bcd20_0 {0 0 0};
    %vpi_call/w 3 114 "$fdisplay", v0xa230bd360_0, "JumpD         : %b", v0xa230bcc80_0 {0 0 0};
    %vpi_call/w 3 118 "$fdisplay", v0xa230bd360_0, "BranchD       : %b", v0xa230bc000_0 {0 0 0};
    %vpi_call/w 3 122 "$fdisplay", v0xa230bd360_0, "ALUSrcD       : %b", v0xa230b7f20_0 {0 0 0};
    %vpi_call/w 3 126 "$fdisplay", v0xa230bd360_0, "ResultSrcD    : %b", v0xa230bce60_0 {0 0 0};
    %vpi_call/w 3 130 "$fdisplay", v0xa230bd360_0, "ALUControlD   : %03b", v0xa230b70c0_0 {0 0 0};
    %vpi_call/w 3 134 "$fdisplay", v0xa230bd360_0, "ImmSrcD       : %02b", v0xa230bcbe0_0 {0 0 0};
    %vpi_call/w 3 143 "$fdisplay", v0xa230bd360_0, "\000" {0 0 0};
    %vpi_call/w 3 144 "$fdisplay", v0xa230bd360_0, "[HAZARD]" {0 0 0};
    %vpi_call/w 3 146 "$fdisplay", v0xa230bd360_0, "StallF        : %b", v0xa230bcfa0_0 {0 0 0};
    %vpi_call/w 3 150 "$fdisplay", v0xa230bd360_0, "StallD        : %b", v0xa230bcf00_0 {0 0 0};
    %vpi_call/w 3 154 "$fdisplay", v0xa230bd360_0, "FlushD        : %b", v0xa230bc280_0 {0 0 0};
    %vpi_call/w 3 158 "$fdisplay", v0xa230bd360_0, "FlushE        : %b", v0xa230bc320_0 {0 0 0};
    %vpi_call/w 3 162 "$fdisplay", v0xa230bd360_0, "ForwardAE     : %02b", v0xa230bc3c0_0 {0 0 0};
    %vpi_call/w 3 166 "$fdisplay", v0xa230bd360_0, "ForwardBE     : %02b", v0xa230bc460_0 {0 0 0};
    %vpi_call/w 3 175 "$fdisplay", v0xa230bd360_0, "\000" {0 0 0};
    %vpi_call/w 3 176 "$fdisplay", v0xa230bd360_0, "[MEMORY]" {0 0 0};
    %vpi_call/w 3 178 "$fdisplay", v0xa230bd360_0, "ALUResultM    : 0x%08h (%0d)", v0xa230b4320_0, v0xa230b4320_0 {0 0 0};
    %vpi_call/w 3 183 "$fdisplay", v0xa230bd360_0, "WriteDataM    : 0x%08h (%0d)", v0xa230b6da0_0, v0xa230b6da0_0 {0 0 0};
    %vpi_call/w 3 188 "$fdisplay", v0xa230bd360_0, "ReadDataM     : 0x%08h (%0d)", v0xa230b63a0_0, v0xa230b63a0_0 {0 0 0};
    %vpi_call/w 3 198 "$fdisplay", v0xa230bd360_0, "\000" {0 0 0};
    %vpi_call/w 3 199 "$fdisplay", v0xa230bd360_0, "[WRITEBACK]" {0 0 0};
    %vpi_call/w 3 201 "$fdisplay", v0xa230bd360_0, "RegWriteW     : %b", v0xa230b66c0_0 {0 0 0};
    %vpi_call/w 3 205 "$fdisplay", v0xa230bd360_0, "RdW           : x%0d", v0xa230b6300_0 {0 0 0};
    %vpi_call/w 3 209 "$fdisplay", v0xa230bd360_0, "ResultW       : 0x%08h (%0d)", v0xa230b69e0_0, v0xa230b69e0_0 {0 0 0};
    %vpi_call/w 3 219 "$fdisplay", v0xa230bd360_0, "\000" {0 0 0};
    %vpi_call/w 3 220 "$fdisplay", v0xa230bd360_0, "[REGISTERS]" {0 0 0};
    %vpi_call/w 3 222 "$fdisplay", v0xa230bd360_0, "x0=%0d x1=%0d x2=%0d x3=%0d", &A<v0xa230b3ca0, 0>, &A<v0xa230b3ca0, 1>, &A<v0xa230b3ca0, 2>, &A<v0xa230b3ca0, 3> {0 0 0};
    %vpi_call/w 3 229 "$fdisplay", v0xa230bd360_0, "x4=%0d x5=%0d x6=%0d x7=%0d", &A<v0xa230b3ca0, 4>, &A<v0xa230b3ca0, 5>, &A<v0xa230b3ca0, 6>, &A<v0xa230b3ca0, 7> {0 0 0};
    %vpi_call/w 3 236 "$fdisplay", v0xa230bd360_0, "\000" {0 0 0};
T_19.0 ;
    %jmp T_19;
    .thread T_19;
    .scope S_0xa228d8180;
T_20 ;
    %vpi_call/w 3 248 "$dumpfile", "wave.vcd" {0 0 0};
    %vpi_call/w 3 249 "$dumpvars", 32'sb00000000000000000000000000000000, S_0xa228d8180 {0 0 0};
    %pushi/vec4 0, 0, 1;
    %store/vec4 v0xa230bd180_0, 0, 1;
    %pushi/vec4 0, 0, 1;
    %store/vec4 v0xa230bd2c0_0, 0, 1;
    %delay 20, 0;
    %pushi/vec4 1, 0, 1;
    %store/vec4 v0xa230bd2c0_0, 0, 1;
    %pushi/vec4 20, 0, 32;
T_20.0 %dup/vec4;
    %cmpi/s 0, 0, 32;
    %jmp/1xz T_20.1, 5;
    %jmp/1 T_20.1, 4;
    %subi 1, 0, 32;
    %wait E_0xa2285da40;
    %jmp T_20.0;
T_20.1 ;
    %pop/vec4 1;
    %wait E_0xa2285d900;
    %delay 1, 0;
    %ix/load 4, 1, 0;
    %flag_set/imm 4, 0;
    %load/vec4a v0xa230b3ca0, 4;
    %cmpi/ne 5, 0, 32;
    %jmp/0xz  T_20.2, 6;
    %vpi_call/w 3 268 "$fatal", 32'sb00000000000000000000000000000001, "FAIL: x1" {0 0 0};
T_20.2 ;
    %ix/load 4, 2, 0;
    %flag_set/imm 4, 0;
    %load/vec4a v0xa230b3ca0, 4;
    %cmpi/ne 7, 0, 32;
    %jmp/0xz  T_20.4, 6;
    %vpi_call/w 3 271 "$fatal", 32'sb00000000000000000000000000000001, "FAIL: x2" {0 0 0};
T_20.4 ;
    %ix/load 4, 3, 0;
    %flag_set/imm 4, 0;
    %load/vec4a v0xa230b3ca0, 4;
    %cmpi/ne 12, 0, 32;
    %jmp/0xz  T_20.6, 6;
    %vpi_call/w 3 274 "$fatal", 32'sb00000000000000000000000000000001, "FAIL: x3" {0 0 0};
T_20.6 ;
    %ix/load 4, 4, 0;
    %flag_set/imm 4, 0;
    %load/vec4a v0xa230b3ca0, 4;
    %cmpi/ne 12, 0, 32;
    %jmp/0xz  T_20.8, 6;
    %vpi_call/w 3 277 "$fatal", 32'sb00000000000000000000000000000001, "FAIL: x4" {0 0 0};
T_20.8 ;
    %ix/load 4, 5, 0;
    %flag_set/imm 4, 0;
    %load/vec4a v0xa230b3ca0, 4;
    %cmpi/ne 17, 0, 32;
    %jmp/0xz  T_20.10, 6;
    %vpi_call/w 3 280 "$fatal", 32'sb00000000000000000000000000000001, "FAIL: x5" {0 0 0};
T_20.10 ;
    %ix/load 4, 6, 0;
    %flag_set/imm 4, 0;
    %load/vec4a v0xa230b3ca0, 4;
    %cmpi/ne 42, 0, 32;
    %jmp/0xz  T_20.12, 6;
    %vpi_call/w 3 283 "$fatal", 32'sb00000000000000000000000000000001, "FAIL: x6" {0 0 0};
T_20.12 ;
    %ix/load 4, 0, 0;
    %flag_set/imm 4, 0;
    %load/vec4a v0xa23096620, 4;
    %cmpi/ne 12, 0, 32;
    %jmp/0xz  T_20.14, 6;
    %vpi_call/w 3 286 "$fatal", 32'sb00000000000000000000000000000001, "FAIL: mem[0]" {0 0 0};
T_20.14 ;
    %ix/load 4, 1, 0;
    %flag_set/imm 4, 0;
    %load/vec4a v0xa23096620, 4;
    %cmpi/ne 17, 0, 32;
    %jmp/0xz  T_20.16, 6;
    %vpi_call/w 3 289 "$fatal", 32'sb00000000000000000000000000000001, "FAIL: mem[1]" {0 0 0};
T_20.16 ;
    %vpi_call/w 3 292 "$fdisplay", v0xa230bd360_0, "\000" {0 0 0};
    %vpi_call/w 3 293 "$fdisplay", v0xa230bd360_0, "============================================================" {0 0 0};
    %vpi_call/w 3 295 "$fdisplay", v0xa230bd360_0, "             ALL TESTS PASSED" {0 0 0};
    %vpi_call/w 3 297 "$fdisplay", v0xa230bd360_0, "============================================================" {0 0 0};
    %vpi_call/w 3 300 "$display", "ALL PIPELINED RISC-V TESTS PASSED" {0 0 0};
    %vpi_call/w 3 301 "$display", "Trace written to pipeline_trace.txt" {0 0 0};
    %vpi_call/w 3 303 "$fclose", v0xa230bd360_0 {0 0 0};
    %vpi_call/w 3 305 "$finish" {0 0 0};
    %end;
    .thread T_20;
# The file index is used to find the file name in the following table.
:file_names 24;
    "N/A";
    "<interactive>";
    "-";
    "tb/riscv_top_tb.sv";
    "rtl/riscv_top.sv";
    "rtl/control_unit.sv";
    "rtl/alu_decoder.sv";
    "rtl/main_decoder.sv";
    "rtl/datapath.sv";
    "rtl/alu.sv";
    "rtl/data_memory.sv";
    "rtl/ex_mem_reg.sv";
    "rtl/immediate_extender.sv";
    "rtl/id_ex_reg.sv";
    "rtl/if_id_reg.sv";
    "rtl/instruction_memory.sv";
    "rtl/mem_wb_reg.sv";
    "rtl/mux3.sv";
    "rtl/mux2.sv";
    "rtl/pc_plus4.sv";
    "rtl/pc_target_adder.sv";
    "rtl/program_counter.sv";
    "rtl/register_file.sv";
    "rtl/hazard_unit.sv";
